Component: ARM Compiler 5.06 update 6 (build 750) Tool: armlink [4d35ed]

==============================================================================

Section Cross References

    system_mm32f032xx_s.o(i.AutoCalPllFactor) refers to uidiv.o(.text) for __aeabi_uidivmod
    system_mm32f032xx_s.o(i.SetSysClock) refers to system_mm32f032xx_s.o(i.SetSysClockTo48) for SetSysClockTo48
    system_mm32f032xx_s.o(i.SystemInit) refers to system_mm32f032xx_s.o(i.SetSysClock) for SetSysClock
    startup_mm32f032xx_s_keil.o(RESET) refers to startup_mm32f032xx_s_keil.o(STACK) for __initial_sp
    startup_mm32f032xx_s_keil.o(RESET) refers to startup_mm32f032xx_s_keil.o(.text) for Reset_Handler
    startup_mm32f032xx_s_keil.o(RESET) refers to systick.o(i.SysTick_Handler) for SysTick_Handler
    startup_mm32f032xx_s_keil.o(RESET) refers to main.o(i.EXTI0_1_IRQHandler) for EXTI0_1_IRQHandler
    startup_mm32f032xx_s_keil.o(RESET) refers to porting_misc.o(i.EXTI4_15_IRQHandler) for EXTI4_15_IRQHandler
    startup_mm32f032xx_s_keil.o(RESET) refers to spi.o(i.DMA1_Channel2_3_IRQHandler) for DMA1_Channel2_3_IRQHandler
    startup_mm32f032xx_s_keil.o(RESET) refers to spi.o(i.DMA1_Channel4_5_IRQHandler) for DMA1_Channel4_5_IRQHandler
    startup_mm32f032xx_s_keil.o(RESET) refers to uart.o(i.UART1_IRQHandler) for UART1_IRQHandler
    startup_mm32f032xx_s_keil.o(.text) refers to startup_mm32f032xx_s_keil.o(STACK) for __initial_sp
    startup_mm32f032xx_s_keil.o(.text) refers to system_mm32f032xx_s.o(i.SystemInit) for SystemInit
    startup_mm32f032xx_s_keil.o(.text) refers to entry.o(.ARM.Collect$$$$00000000) for __main
    main.o(i.BSP_LED_Init) refers to hal_rcc.o(i.RCC_AHBPeriphClockCmd) for RCC_AHBPeriphClockCmd
    main.o(i.BSP_LED_Init) refers to hal_gpio.o(i.GPIO_StructInit) for GPIO_StructInit
    main.o(i.BSP_LED_Init) refers to hal_gpio.o(i.GPIO_Init) for GPIO_Init
    main.o(i.BSP_LED_Init) refers to hal_gpio.o(i.GPIO_ResetBits) for GPIO_ResetBits
    main.o(i.EXTI0_1_Configure) refers to hal_rcc.o(i.RCC_AHBPeriphClockCmd) for RCC_AHBPeriphClockCmd
    main.o(i.EXTI0_1_Configure) refers to hal_exti.o(i.EXTI_LineConfig) for EXTI_LineConfig
    main.o(i.EXTI0_1_Configure) refers to hal_exti.o(i.EXTI_StructInit) for EXTI_StructInit
    main.o(i.EXTI0_1_Configure) refers to hal_exti.o(i.EXTI_Init) for EXTI_Init
    main.o(i.EXTI0_1_Configure) refers to hal_gpio.o(i.GPIO_StructInit) for GPIO_StructInit
    main.o(i.EXTI0_1_Configure) refers to hal_gpio.o(i.GPIO_Init) for GPIO_Init
    main.o(i.EXTI0_1_Configure) refers to hal_misc.o(i.NVIC_Init) for NVIC_Init
    main.o(i.EXTI0_1_IRQHandler) refers to hal_exti.o(i.EXTI_GetITStatus) for EXTI_GetITStatus
    main.o(i.EXTI0_1_IRQHandler) refers to hal_exti.o(i.EXTI_ClearITPendingBit) for EXTI_ClearITPendingBit
    main.o(i.EXTI0_1_IRQHandler) refers to main.o(.data) for .data
    main.o(i.RF_Open) refers to systick.o(i.SysTick_DelayMs) for SysTick_DelayMs
    main.o(i.RF_Open) refers to porting_misc.o(i.MCU_GpioResetInit) for MCU_GpioResetInit
    main.o(i.RF_Open) refers to porting_misc.o(i.MCU_GpioReset) for MCU_GpioReset
    main.o(i.RF_Open) refers to porting_misc.o(i.RF_SpiIoMapping) for RF_SpiIoMapping
    main.o(i.RF_Open) refers to rf_phy.o(i.RF_Init) for RF_Init
    main.o(i.Sys_Standby) refers to hal_rcc.o(i.RCC_APB1PeriphClockCmd) for RCC_APB1PeriphClockCmd
    main.o(i.Sys_Standby) refers to hal_pwr.o(i.PWR_WakeUpPinCmd) for PWR_WakeUpPinCmd
    main.o(i.Sys_Standby) refers to hal_pwr.o(i.PWR_EnterSTANDBYMode) for PWR_EnterSTANDBYMode
    main.o(i.WKUP_STOP_Init) refers to hal_rcc.o(i.RCC_APB2PeriphClockCmd) for RCC_APB2PeriphClockCmd
    main.o(i.WKUP_STOP_Init) refers to hal_rcc.o(i.RCC_APB1PeriphClockCmd) for RCC_APB1PeriphClockCmd
    main.o(i.WKUP_STOP_Init) refers to hal_rcc.o(i.RCC_AHBPeriphClockCmd) for RCC_AHBPeriphClockCmd
    main.o(i.WKUP_STOP_Init) refers to hal_gpio.o(i.GPIO_StructInit) for GPIO_StructInit
    main.o(i.WKUP_STOP_Init) refers to hal_gpio.o(i.GPIO_Init) for GPIO_Init
    main.o(i.WKUP_STOP_Init) refers to hal_exti.o(i.EXTI_LineConfig) for EXTI_LineConfig
    main.o(i.WKUP_STOP_Init) refers to hal_exti.o(i.EXTI_StructInit) for EXTI_StructInit
    main.o(i.WKUP_STOP_Init) refers to hal_exti.o(i.EXTI_Init) for EXTI_Init
    main.o(i.WKUP_STOP_Init) refers to hal_misc.o(i.NVIC_Init) for NVIC_Init
    main.o(i.main) refers to systick.o(i.SysTick_Init) for SysTick_Init
    main.o(i.main) refers to main.o(i.NVIC_SetPriority) for NVIC_SetPriority
    main.o(i.main) refers to uart.o(i.UARTx_Configure) for UARTx_Configure
    main.o(i.main) refers to main.o(i.BSP_LED_Init) for BSP_LED_Init
    main.o(i.main) refers to main.o(i.RF_Open) for RF_Open
    main.o(i.main) refers to systick.o(i.SysTick_DelayMs) for SysTick_DelayMs
    main.o(i.main) refers to printf8.o(i.__0printf$8) for __2printf
    main.o(i.main) refers to rf_phy.o(i.ChipId_Get) for ChipId_Get
    main.o(i.main) refers to ble_cmd.o(i.setBLE_BleDeviceAddr) for setBLE_BleDeviceAddr
[...]
    ATTRIBUTE_SERVER_PERMISSION              0x200001f4   Data         220  profile_tab.o(.data)
    RF_LED_FLOG                              0x200002d0   Data           4  profile_tab.o(.data)
    size_ATTRIBUTE_SERVER                    0x200002d4   Data           1  profile_tab.o(.data)
    bleEventCallBack                         0x200002d8   Data           4  ble_event.o(.data)
    MBlk_depth_Remaining                     0x200002dc   Data           1  kernel.o(.data)
    MBlk_depth_Rsv                           0x200002dd   Data           1  kernel.o(.data)
    MBlk_Free                                0x200002e0   Data           4  kernel.o(.data)
    bleAddr_param                            0x200002e4   Data           7  host.o(.data)
    ble_device_param                         0x200002eb   Data           8  host.o(.data)
    RX_CRC_valid_flag                        0x200002f8   Data           1  ll.o(.data)
    FT_WakeupFlag                            0x200002f9   Data           1  ll.o(.data)
    LL_ConnDataTmpGate                       0x200002fa   Data           1  ll.o(.data)
    LL_ConnID_Remaining                      0x200002fb   Data           1  ll.o(.data)
    TBlk_Free_LL                             0x200002fc   Data           1  ll.o(.data)
    TBlk_InUse_LL                            0x200002fd   Data           1  ll.o(.data)
    LL_SMP_DataCh                            0x200002fe   Data           1  ll.o(.data)
    status_LL_Tmr                            0x200002ff   Data           1  ll.o(.data)
    anchor_LL_Tmr                            0x20000300   Data           1  ll.o(.data)
    LL_Msg_AdvScnConn                        0x20000301   Data           1  ll.o(.data)
    LL_Msg_AdvScnConnUpd                     0x20000302   Data           1  ll.o(.data)
    LL_Msg_AdvScnConnUpdSts                  0x20000303   Data           1  ll.o(.data)
    RF_Msg_RF0INT                            0x20000304   Data           1  ll.o(.data)
    LL_DurRxPktAccu                          0x20000306   Data           2  ll.o(.data)
    LL_ConnBuffPt                            0x20000308   Data           4  ll.o(.data)
    LL_Adv_Data_Buf                          0x2000030c   Data           4  ll.o(.data)
    LL_Ref_Default_PHY                       0x20000310   Data           4  ll.o(.data)
    tblk_LL_pi                               0x20000314   Data           4  ll.o(.data)
    tblk_LL_pi2                              0x20000318   Data           4  ll.o(.data)
    LL_conn_pi                               0x2000031c   Data           4  ll.o(.data)
    mblk_LL_conn_Para                        0x20000320   Data           4  ll.o(.data)
    LL_Slv_Win_Width                         0x20000324   Data           4  ll.o(.data)
    LL_Slv_Win_Width_Base                    0x20000328   Data           4  ll.o(.data)
    seedR16                                  0x2000032c   Data           4  ll.o(.data)
    LL_Ref_Acs_Addr_ADVSCN                   0x20000330   Data           4  ll.o(.data)
    LL_Ref_crc_ini_ADVSCN                    0x20000334   Data           4  ll.o(.data)
    Ch_ADV_Ch_Hop_Table                      0x20000338   Data           4  ll.o(.data)
    Ch_ADV_Ch_Hop_TableBuf                   0x2000033c   Data           4  ll.o(.data)
    LL_Ref_ChMap                             0x20000340   Data           5  ll.o(.data)
    BD_Rand_Addr                             0x20000345   Data           6  ll.o(.data)
    BD_Rand_AddrBuf                          0x2000034b   Data           6  ll.o(.data)
    LL_ConnDataQ                             0x20000354   Data           8  ll.o(.data)
    LL_ConnCtrlQ                             0x2000035c   Data           8  ll.o(.data)
    LL_ConnDataInQ                           0x20000364   Data           8  ll.o(.data)
    LL_ConnDataInTmp                         0x2000036c   Data           8  ll.o(.data)
    LL_ConnBuffPrcs                          0x20000374   Data           8  ll.o(.data)
    LL_ConnBuffPrcsR                         0x2000037c   Data           8  ll.o(.data)
    Tmr37                                    0x20000388   Data           8  ll.o(.data)
    LL_Length_Prefer                         0x20000390   Data           8  ll.o(.data)
    MsgQueueEC                               0x20000398   Data           8  ll.o(.data)
    RfVolt_new                               0x200003a0   Data           1  rf_phy.o(.data)
    Content_ioInt                            0x200003a1   Data           1  rf_phy.o(.data)
    Content_ioInt_exceptTmr                  0x200003a2   Data           1  rf_phy.o(.data)
    rssiOffsetValue                          0x200003a3   Data           1  rf_phy.o(.data)
    g16MHzClkOut                             0x200003a4   Data           1  rf_phy.o(.data)
    rf_initial_flag                          0x200003a5   Data           1  rf_phy.o(.data)
    gSleep                                   0x200003a6   Data           1  rf_phy.o(.data)
    LL_Tmr_Ticks_RSV_Wakeup                  0x200003a7   Data           1  rf_phy.o(.data)
    rssi_read_data                           0x200003a8   Data           3  rf_phy.o(.data)
    Timeline24                               0x200003ac   Data           4  rf_phy.o(.data)
    Tmr16Interval                            0x200003b0   Data           4  rf_phy.o(.data)
    addr_TxFIFO                              0x200003b4   Data           4  rf_phy.o(.data)
    Phy_pll_bank                             0x200003b8   Data           5  rf_phy.o(.data)
    init_txpower_8dbm_reg                    0x200003c8   Data           5  rf_phy.o(.data)
    Event_Mask2                              0x200003d0   Data           1  hci.o(.data)
    LE_Event_Mask                            0x200003d1   Data           3  hci.o(.data)
    mhcCallBack                              0x200003d4   Data           4  hci.o(.data)
    Event_Mask                               0x200003d8   Data           5  hci.o(.data)
    ATT_INDICATION_Packet_Sent               0x200003dd   Data           1  mmi.o(.data)
    ATT_WRITE_REQUEST_Packet_Sent            0x200003de   Data           1  mmi.o(.data)
    r_AES_INI                                0x200003df   Data          16  rffunction.o(.data)
    RSP_PAIRING_REQUEST                      0x200003ef   Data          11  rffunction.o(.data)
    LTK_FIXED                                0x200003fa   Data          16  rffunction.o(.data)
    EDIV_FIXED                               0x2000040a   Data           2  rffunction.o(.data)
    RAND_FIXED                               0x2000040c   Data           8  rffunction.o(.data)
    IRK_FIXED                                0x20000414   Data          16  rffunction.o(.data)
    CSRK_FIXED                               0x20000424   Data          16  rffunction.o(.data)
    SEL_STK_GEN_MTHD                         0x20000434   Data          25  rffunction.o(.data)
    aTT_MTU                                  0x2000044d   Data           1  rffunction.o(.data)
    smp_Authorization                        0x2000044e   Data           1  rffunction.o(.data)
    smp_Encryption                           0x2000044f   Data           1  rffunction.o(.data)
    smp_Security_Mode                        0x20000450   Data           1  rffunction.o(.data)
    smp_PReq_IO_Capab                        0x20000451   Data           1  rffunction.o(.data)
    smp_PReq_OOB_data                        0x20000452   Data           1  rffunction.o(.data)
    smp_PReq_Init_Key_Distr                  0x20000453   Data           1  rffunction.o(.data)
    smp_PReq_Resp_Key_Distr                  0x20000454   Data           1  rffunction.o(.data)
    smp_Local_Addr                           0x20000455   Data           8  rffunction.o(.data)
    smp_Phase                                0x2000045d   Data           1  rffunction.o(.data)
    smp_TempDef                              0x2000045e   Data           1  rffunction.o(.data)
    smp_Rand                                 0x2000045f   Data           8  rffunction.o(.data)
    smp_EDIV                                 0x20000467   Data           2  rffunction.o(.data)
    smp_Local_Addr_advTemp                   0x20000469   Data           8  rffunction.o(.data)
    __stdout                                 0x20000474   Data           4  stdout.o(.data)
    txDataBuffer                             0x20000478   Data         247  user.o(.bss)
    gSendBuff                                0x2000056f   Data         100  uart.o(.bss)
    MsgBlk                                   0x200005d4   Data        2340  porting_misc.o(.bss)
    att_HDL_UDF01S_UDATN01                   0x20000ef8   Data         244  profile_tab.o(.bss)
    att_HDL_UDF01S_UDATRW01                  0x20000fec   Data         244  profile_tab.o(.bss)
    att_HDL_UDF_UDATN01                      0x200010e0   Data         244  profile_tab.o(.bss)
    MsgQueue                                 0x200011d4   Data          40  kernel.o(.bss)
    LL_Adv_Para                              0x200011fc   Data          96  ll.o(.bss)
    LL_Adv_Para_UpdBuf                       0x2000125c   Data          96  ll.o(.bss)
    LL_Scan_Para                             0x200012bc   Data          16  ll.o(.bss)
    LL_Scan_Para_UpdBuf                      0x200012cc   Data          16  ll.o(.bss)
    LL_Conn_Para                             0x200012dc   Data         140  ll.o(.bss)
    LL_Init_Para                             0x20001368   Data          32  ll.o(.bss)
    LL_WhiteList_Para                        0x20001388   Data          28  ll.o(.bss)
    LL_Para_Interval                         0x200013a4   Data          36  ll.o(.bss)
    LL_Para_IntervalR                        0x200013c8   Data         259  ll.o(.bss)
    TmrBlk_LL                                0x200014cc   Data          32  ll.o(.bss)
    ram_Tab                                  0x200014ec   Data          48  ll.o(.bss)
    RFIP_reg_MEM                             0x2000151c   Data          13  rf_phy.o(.bss)
    CH_PLL_bank_Table                        0x20001529   Data          40  rf_phy.o(.bss)
    L2CAP_Buf                                0x20001551   Data         253  l2cap.o(.bss)
    SPIBuffer                                0x20001650   Data         251  rffunction.o(.bss)
    q_att_HDL_PreWr                          0x2000174b   Data          48  rffunction.o(.bss)
    CmdTimer                                 0x2000177c   Data          36  rffunction.o(.bss)
    k_AES_passkey                            0x200017a0   Data          16  rffunction.o(.bss)
    smp_Para_Bond                            0x200017b0   Data          37  rffunction.o(.bss)
    rsp_pairing_request_table                0x200017d5   Data          11  rffunction.o(.bss)
    smp_Temp16                               0x200017e0   Data          16  rffunction.o(.bss)
    smp_IRKm                                 0x200017f0   Data          16  rffunction.o(.bss)
    smp_CSRKm                                0x20001800   Data          16  rffunction.o(.bss)
    r_AES                                    0x20001810   Data          16  rffunction.o(.bss)
    LTK                                      0x20001820   Data          16  rffunction.o(.bss)
    LTK_SEED                                 0x20001830   Data          10  rffunction.o(.bss)
    SECBuffer                                0x2000183a   Data          42  rffunction.o(.bss)
    __initial_sp                             0x20001c68   Data           0  startup_mm32f032xx_s_keil.o(STACK)



==============================================================================

Memory Map of the image

  Image Entry point : 0x080000c1

  Load Region LR_IROM1 (Base: 0x08000000, Size: 0x0000afe4, Max: 0x00010000, ABSOLUTE, COMPRESSED[0x0000adc0])

    Execution Region ER_IROM1 (Exec base: 0x08000000, Load base: 0x08000000, Size: 0x0000ab6c, Max: 0x00010000, ABSOLUTE)

    Exec Addr    Load Addr    Size         Type   Attr      Idx    E Section Name        Object

    0x08000000   0x08000000   0x000000c0   Data   RO           73    RESET               startup_mm32f032xx_s_keil.o
    0x080000c0   0x080000c0   0x00000000   Code   RO         6687  * .ARM.Collect$$$$00000000  mc_p.l(entry.o)
    0x080000c0   0x080000c0   0x00000004   Code   RO         6961    .ARM.Collect$$$$00000001  mc_p.l(entry2.o)
    0x080000c4   0x080000c4   0x00000004   Code   RO         6964    .ARM.Collect$$$$00000004  mc_p.l(entry5.o)
    0x080000c8   0x080000c8   0x00000000   Code   RO         6966    .ARM.Collect$$$$00000008  mc_p.l(entry7b.o)
    0x080000c8   0x080000c8   0x00000000   Code   RO         6968    .ARM.Collect$$$$0000000A  mc_p.l(entry8b.o)
    0x080000c8   0x080000c8   0x00000008   Code   RO         6969    .ARM.Collect$$$$0000000B  mc_p.l(entry9a.o)
    0x080000d0   0x080000d0   0x00000000   Code   RO         6971    .ARM.Collect$$$$0000000D  mc_p.l(entry10a.o)
    0x080000d0   0x080000d0   0x00000000   Code   RO         6973    .ARM.Collect$$$$0000000F  mc_p.l(entry11a.o)
    0x080000d0   0x080000d0   0x00000004   Code   RO         6962    .ARM.Collect$$$$00002712  mc_p.l(entry2.o)
    0x080000d4   0x080000d4   0x00000006   Code   RO          687    .emb_text           porting_lltimer.o
    0x080000da   0x080000da   0x00000002   PAD
    0x080000dc   0x080000dc   0x00000058   Code   RO           74    .text               startup_mm32f032xx_s_keil.o
    0x08000134   0x08000134   0x0000002c   Code   RO         6690    .text               mc_p.l(uidiv.o)
    0x08000160   0x08000160   0x00000028   Code   RO         6692    .text               mc_p.l(idiv.o)
    0x08000188   0x08000188   0x00000024   Code   RO         6696    .text               mc_p.l(memseta.o)
    0x080001ac   0x080001ac   0x00000060   Code   RO         6976    .text               mc_p.l(uldiv.o)
    0x0800020c   0x0800020c   0x00000024   Code   RO         6989    .text               mc_p.l(init.o)
    0x08000230   0x08000230   0x00000020   Code   RO         6991    .text               mc_p.l(llshl.o)
    0x08000250   0x08000250   0x00000022   Code   RO         6993    .text               mc_p.l(llushr.o)
    0x08000272   0x08000272   0x00000056   Code   RO         7008    .text               mc_p.l(__dczerorl2.o)
    0x080002c8   0x080002c8   0x00000084   Code   RO         4519    i.ATT_HDL_Notify    Rafael_BLE_MM32F032xx_s.lib(host.o)
    0x0800034c   0x0800034c   0x00000002   Code   RO         3634    i.ATT_HDL_Rd_NULL   profile_tab.o
    0x0800034e   0x0800034e   0x00000002   Code   RO         3635    i.ATT_HDL_Rd_UDF01S_UDATN01  profile_tab.o
    0x08000350   0x08000350   0x00000002   Code   RO         3636    i.ATT_HDL_Rd_UDF01S_UDATR01  profile_tab.o
    0x08000352   0x08000352   0x00000002   Code   RO         3637    i.ATT_HDL_Rd_UDF01S_UDATRW01  profile_tab.o
    0x08000354   0x08000354   0x00000002   Code   RO         3638    i.ATT_HDL_Rd_UDF_UDATN01  profile_tab.o
    0x08000356   0x08000356   0x00000002   Code   RO         3639    i.ATT_HDL_Rd_UDF_UDATR01  profile_tab.o
    0x08000358   0x08000358   0x00000002   Code   RO         3640    i.ATT_HDL_Rd_UDF_UDATRW01  profile_tab.o
    0x0800035a   0x0800035a   0x00000002   Code   RO         3641    i.ATT_HDL_Wr_NULL   profile_tab.o
    0x0800035c   0x0800035c   0x0000000c   Code   RO         3642    i.ATT_HDL_Wr_UDF01S_UDATRW01  profile_tab.o
    0x08000368   0x08000368   0x0000000c   Code   RO         3643    i.ATT_HDL_Wr_UDF_UDATRW01  profile_tab.o
    0x08000374   0x08000374   0x00000030   Code   RO           80    i.BSP_LED_Init      main.o
    0x080003a4   0x080003a4   0x00000064   Code   RO          808    i.BSP_SPI_BLE_Init  porting_spi.o
    0x08000408   0x08000408   0x00000010   Code   RO          297    i.BleApp_Init       user.o
    0x08000418   0x08000418   0x00000060   Code   RO          298    i.BleApp_Main       user.o
    0x08000478   0x08000478   0x00000188   Code   RO          299    i.BleEvent_Callback  user.o
    0x08000600   0x08000600   0x0000000c   Code   RO         4149    i.BleEvent_PostEvent  Rafael_BLE_MM32F032xx_s.lib(ble_event.o)
    0x0800060c   0x0800060c   0x0000000c   Code   RO         5866    i.BleMHC_PostEvent  Rafael_BLE_MM32F032xx_s.lib(hci.o)
    0x08000618   0x08000618   0x0000000c   Code   RO         5435    i.BleTxFIFOAddr_Get  Rafael_BLE_MM32F032xx_s.lib(rf_phy.o)
    0x08000624   0x08000624   0x00000014   Code   RO         4606    i.Ble_EC_Chk_Isr    Rafael_BLE_MM32F032xx_s.lib(ll.o)
    0x08000638   0x08000638   0x000000c0   Code   RO         4185    i.Ble_Kernel_Root   Rafael_BLE_MM32F032xx_s.lib(kernel.o)
    0x080006f8   0x080006f8   0x00000044   Code   RO         5436    i.Ble_SW_Init       Rafael_BLE_MM32F032xx_s.lib(rf_phy.o)
    0x0800073c   0x0800073c   0x0000001e   Code   RO          302    i.Ble_Slave_AdvInit  user.o
    0x0800075a   0x0800075a   0x00000002   PAD
    0x0800075c   0x0800075c   0x00000024   Code   RO          303    i.Ble_Slave_StartADV  user.o
    0x08000780   0x08000780   0x0000003c   Code   RO         4189    i.CheckMsgBlk_L2_wSizeUsed_Isr  Rafael_BLE_MM32F032xx_s.lib(kernel.o)
    0x080007bc   0x080007bc   0x00000020   Code   RO         4190    i.CheckMsgQueue     Rafael_BLE_MM32F032xx_s.lib(kernel.o)
    0x080007dc   0x080007dc   0x00000014   Code   RO         6092    i.CheckValid_L2CAP_Buf  Rafael_BLE_MM32F032xx_s.lib(l2cap.o)
    0x080007f0   0x080007f0   0x0000000c   Code   RO         5437    i.ChipId_Get        Rafael_BLE_MM32F032xx_s.lib(rf_phy.o)
    0x080007fc   0x080007fc   0x00000034   Code   RO          456    i.DMA1_Channel2_3_IRQHandler  spi.o
    0x08000830   0x08000830   0x00000038   Code   RO          457    i.DMA1_Channel4_5_IRQHandler  spi.o
    0x08000868   0x08000868   0x0000000c   Code   RO         1274    i.DMA_ClearFlag     hal_dma.o
    0x08000874   0x08000874   0x0000000c   Code   RO         1275    i.DMA_ClearITPendingBit  hal_dma.o
    0x08000880   0x08000880   0x0000000c   Code   RO         1276    i.DMA_Cmd           hal_dma.o
    0x0800088c   0x0800088c   0x00000060   Code   RO          601    i.DMA_Config        uart.o
    0x080008ec   0x080008ec   0x00000030   Code   RO         1277    i.DMA_DeInit        hal_dma.o
    0x0800091c   0x0800091c   0x0000000a   Code   RO          602    i.DMA_Enable        uart.o
    0x08000926   0x08000926   0x00000006   Code   RO         1278    i.DMA_GetCurrDataCounter  hal_dma.o
    0x0800092c   0x0800092c   0x00000014   Code   RO         1280    i.DMA_GetITStatus   hal_dma.o
    0x08000940   0x08000940   0x00000014   Code   RO         1281    i.DMA_ITConfig      hal_dma.o
    0x08000954   0x08000954   0x0000004c   Code   RO         1282    i.DMA_Init          hal_dma.o
    0x080009a0   0x080009a0   0x0000001c   Code   RO         1283    i.DMA_StructInit    hal_dma.o
    0x080009bc   0x080009bc   0x000000f0   Code   RO         4607    i.ECHC_LE_Ctrl_Pkt  Rafael_BLE_MM32F032xx_s.lib(ll.o)
    0x08000aac   0x08000aac   0x00000038   Code   RO         4608    i.EC_Root_Isr       Rafael_BLE_MM32F032xx_s.lib(ll.o)
    0x08000ae4   0x08000ae4   0x00000024   Code   RO           82    i.EXTI0_1_IRQHandler  main.o
    0x08000b08   0x08000b08   0x00000030   Code   RO          718    i.EXTI4_15_IRQHandler  porting_misc.o
    0x08000b38   0x08000b38   0x0000000c   Code   RO         1376    i.EXTI_ClearITPendingBit  hal_exti.o
    0x08000b44   0x08000b44   0x0000001c   Code   RO         1381    i.EXTI_GetITStatus  hal_exti.o
    0x08000b60   0x08000b60   0x00000060   Code   RO         1382    i.EXTI_Init         hal_exti.o
    0x08000bc0   0x08000bc0   0x00000028   Code   RO         1383    i.EXTI_LineConfig   hal_exti.o
    0x08000be8   0x08000be8   0x0000000c   Code   RO         4200    i.ErrorEntry        Rafael_BLE_MM32F032xx_s.lib(kernel.o)
    0x08000bf4   0x08000bf4   0x00000024   Code   RO         4201    i.FreeMsgBlk        Rafael_BLE_MM32F032xx_s.lib(kernel.o)
    0x08000c18   0x08000c18   0x0000001c   Code   RO         4202    i.FreeMsgBlk_Isr    Rafael_BLE_MM32F032xx_s.lib(kernel.o)
    0x08000c34   0x08000c34   0x00000034   Code   RO         4203    i.FreeMsgBlks       Rafael_BLE_MM32F032xx_s.lib(kernel.o)
    0x08000c68   0x08000c68   0x00000028   Code   RO         4204    i.FreeMsgBlks_Isr   Rafael_BLE_MM32F032xx_s.lib(kernel.o)
    0x08000c90   0x08000c90   0x00000086   Code   RO         1675    i.GPIO_Init         hal_gpio.o
    0x08000d16   0x08000d16   0x00000020   Code   RO         1676    i.GPIO_PinAFConfig  hal_gpio.o
    0x08000d36   0x08000d36   0x0000000a   Code   RO         1680    i.GPIO_ReadInputDataBit  hal_gpio.o
    0x08000d40   0x08000d40   0x00000004   Code   RO         1683    i.GPIO_ResetBits    hal_gpio.o
    0x08000d44   0x08000d44   0x00000004   Code   RO         1684    i.GPIO_SetBits      hal_gpio.o
    0x08000d48   0x08000d48   0x00000010   Code   RO         1685    i.GPIO_StructInit   hal_gpio.o
    0x08000d58   0x08000d58   0x0000002c   Code   RO         4205    i.GetMsgBlk         Rafael_BLE_MM32F032xx_s.lib(kernel.o)
    0x08000d84   0x08000d84   0x0000002c   Code   RO         4206    i.GetMsgBlk_Isr     Rafael_BLE_MM32F032xx_s.lib(kernel.o)
    0x08000db0   0x08000db0   0x00000060   Code   RO         4207    i.GetMsgBlk_L1_wSize_Isr  Rafael_BLE_MM32F032xx_s.lib(kernel.o)
    0x08000e10   0x08000e10   0x00000060   Code   RO         4208    i.GetMsgBlk_L2_wSize  Rafael_BLE_MM32F032xx_s.lib(kernel.o)
    0x08000e70   0x08000e70   0x00000024   Code   RO         5867    i.HCI_Root          Rafael_BLE_MM32F032xx_s.lib(hci.o)
    0x08000e94   0x08000e94   0x00000038   Code   RO         4609    i.HCLL_Disconnect   Rafael_BLE_MM32F032xx_s.lib(ll.o)
    0x08000ecc   0x08000ecc   0x00000002   Code   RO         4610    i.HCLL_Host_Buffer_Size  Rafael_BLE_MM32F032xx_s.lib(ll.o)
    0x08000ece   0x08000ece   0x00000002   Code   RO         4611    i.HCLL_Host_Num_of_Completed_Packets  Rafael_BLE_MM32F032xx_s.lib(ll.o)
    0x08000ed0   0x08000ed0   0x00000002   Code   RO         4612    i.HCLL_LE_ACL_Data_Pkt  Rafael_BLE_MM32F032xx_s.lib(ll.o)
    0x08000ed2   0x08000ed2   0x00000004   Code   RO         4613    i.HCLL_LE_ACL_Data_Pkt_Extend  Rafael_BLE_MM32F032xx_s.lib(ll.o)
    0x08000ed6   0x08000ed6   0x00000002   PAD
    0x08000ed8   0x08000ed8   0x0000008c   Code   RO         4614    i.HCLL_LE_Add_Device_to_White_List  Rafael_BLE_MM32F032xx_s.lib(ll.o)
    0x08000f64   0x08000f64   0x00000048   Code   RO         4615    i.HCLL_LE_Clear_White_List  Rafael_BLE_MM32F032xx_s.lib(ll.o)
    0x08000fac   0x08000fac   0x000000d4   Code   RO         4616    i.HCLL_LE_Conn_update  Rafael_BLE_MM32F032xx_s.lib(ll.o)
    0x08001080   0x08001080   0x00000002   Code   RO         4617    i.HCLL_LE_Create_Conn  Rafael_BLE_MM32F032xx_s.lib(ll.o)
    0x08001082   0x08001082   0x00000002   Code   RO         4618    i.HCLL_LE_Create_conn_cancel  Rafael_BLE_MM32F032xx_s.lib(ll.o)
    0x08001084   0x08001084   0x000000c0   Code   RO         4619    i.HCLL_LE_Ctrl_Pkt  Rafael_BLE_MM32F032xx_s.lib(ll.o)
    0x08001144   0x08001144   0x00000024   Code   RO         4620    i.HCLL_LE_Encrypt   Rafael_BLE_MM32F032xx_s.lib(ll.o)
    0x08001168   0x08001168   0x00000064   Code   RO         4621    i.HCLL_LE_Long_term_key_req_neg_reply  Rafael_BLE_MM32F032xx_s.lib(ll.o)
    0x080011cc   0x080011cc   0x00000024   Code   RO         4622    i.HCLL_LE_Long_term_key_req_reply  Rafael_BLE_MM32F032xx_s.lib(ll.o)
    0x080011f0   0x080011f0   0x00000024   Code   RO         4623    i.HCLL_LE_Rand      Rafael_BLE_MM32F032xx_s.lib(ll.o)
    0x08001214   0x08001214   0x00000004   Code   RO         4624    i.HCLL_LE_Read_Adv_Ch_Tx_Pwr  Rafael_BLE_MM32F032xx_s.lib(ll.o)
    0x08001218   0x08001218   0x00000024   Code   RO         4625    i.HCLL_LE_Read_Buffer_Size  Rafael_BLE_MM32F032xx_s.lib(ll.o)
    0x0800123c   0x0800123c   0x00000048   Code   RO         4626    i.HCLL_LE_Read_Local_Supported_Feat  Rafael_BLE_MM32F032xx_s.lib(ll.o)
    0x08001284   0x08001284   0x00000044   Code   RO         4627    i.HCLL_LE_Read_Phy  Rafael_BLE_MM32F032xx_s.lib(ll.o)
    0x080012c8   0x080012c8   0x00000044   Code   RO         4628    i.HCLL_LE_Read_Remote_Used_Feat  Rafael_BLE_MM32F032xx_s.lib(ll.o)
    0x0800130c   0x0800130c   0x0000001c   Code   RO         4629    i.HCLL_LE_Read_White_List_Size  Rafael_BLE_MM32F032xx_s.lib(ll.o)
    0x08001328   0x08001328   0x0000003c   Code   RO         4630    i.HCLL_LE_Read_ch_map  Rafael_BLE_MM32F032xx_s.lib(ll.o)
    0x08001364   0x08001364   0x00000002   Code   RO         4631    i.HCLL_LE_Read_supported_states  Rafael_BLE_MM32F032xx_s.lib(ll.o)
    0x08001366   0x08001366   0x00000002   Code   RO         4632    i.HCLL_LE_Receiver_test  Rafael_BLE_MM32F032xx_s.lib(ll.o)
    0x08001368   0x08001368   0x00000004   Code   RO         4633    i.HCLL_LE_Remote_conn_param_req_neg_reply  Rafael_BLE_MM32F032xx_s.lib(ll.o)
    0x0800136c   0x0800136c   0x00000004   Code   RO         4634    i.HCLL_LE_Remote_conn_param_req_reply  Rafael_BLE_MM32F032xx_s.lib(ll.o)
    0x08001370   0x08001370   0x00000070   Code   RO         4635    i.HCLL_LE_Rmv_Device_from_White_List  Rafael_BLE_MM32F032xx_s.lib(ll.o)
    0x080013e0   0x080013e0   0x00000064   Code   RO         4636    i.HCLL_LE_Set_Adv_Data  Rafael_BLE_MM32F032xx_s.lib(ll.o)
    0x08001444   0x08001444   0x000000a4   Code   RO         4637    i.HCLL_LE_Set_Adv_Param  Rafael_BLE_MM32F032xx_s.lib(ll.o)
    0x080014e8   0x080014e8   0x00000138   Code   RO         4638    i.HCLL_LE_Set_Advertise_Enable  Rafael_BLE_MM32F032xx_s.lib(ll.o)
    0x08001620   0x08001620   0x0000007c   Code   RO         4639    i.HCLL_LE_Set_Data_Length  Rafael_BLE_MM32F032xx_s.lib(ll.o)
    0x0800169c   0x0800169c   0x00000068   Code   RO         4640    i.HCLL_LE_Set_Default_Phy  Rafael_BLE_MM32F032xx_s.lib(ll.o)
    0x08001704   0x08001704   0x0000002c   Code   RO         4641    i.HCLL_LE_Set_Event_Mask  Rafael_BLE_MM32F032xx_s.lib(ll.o)
    0x08001730   0x08001730   0x00000002   Code   RO         4642    i.HCLL_LE_Set_Host_Ch_Classification  Rafael_BLE_MM32F032xx_s.lib(ll.o)
    0x08001732   0x08001732   0x00000002   PAD
    0x08001734   0x08001734   0x000000b0   Code   RO         4643    i.HCLL_LE_Set_Phy   Rafael_BLE_MM32F032xx_s.lib(ll.o)
    0x080017e4   0x080017e4   0x00000058   Code   RO         4644    i.HCLL_LE_Set_Random_Address  Rafael_BLE_MM32F032xx_s.lib(ll.o)
    0x0800183c   0x0800183c   0x00000064   Code   RO         4645    i.HCLL_LE_Set_Scan_Response_Data  Rafael_BLE_MM32F032xx_s.lib(ll.o)
    0x080018a0   0x080018a0   0x00000050   Code   RO         4646    i.HCLL_LE_Set_scan_enable  Rafael_BLE_MM32F032xx_s.lib(ll.o)
    0x080018f0   0x080018f0   0x00000094   Code   RO         4647    i.HCLL_LE_Set_scan_param  Rafael_BLE_MM32F032xx_s.lib(ll.o)
    0x08001984   0x08001984   0x00000024   Code   RO         4648    i.HCLL_LE_Start_encryption  Rafael_BLE_MM32F032xx_s.lib(ll.o)
    0x080019a8   0x080019a8   0x00000002   Code   RO         4649    i.HCLL_LE_Test_end  Rafael_BLE_MM32F032xx_s.lib(ll.o)
    0x080019aa   0x080019aa   0x00000002   Code   RO         4650    i.HCLL_LE_Transmitter_test  Rafael_BLE_MM32F032xx_s.lib(ll.o)
    0x080019ac   0x080019ac   0x00000030   Code   RO         4651    i.HCLL_Read_BD_Addr  Rafael_BLE_MM32F032xx_s.lib(ll.o)
    0x080019dc   0x080019dc   0x00000002   Code   RO         4652    i.HCLL_Read_Le_Host_Support  Rafael_BLE_MM32F032xx_s.lib(ll.o)
    0x080019de   0x080019de   0x00000002   PAD
    0x080019e0   0x080019e0   0x00000054   Code   RO         4653    i.HCLL_Read_Local_Supported_Cmd  Rafael_BLE_MM32F032xx_s.lib(ll.o)
    0x08001a34   0x08001a34   0x00000030   Code   RO         4654    i.HCLL_Read_Local_Supported_Feat  Rafael_BLE_MM32F032xx_s.lib(ll.o)
    0x08001a64   0x08001a64   0x00000030   Code   RO         4655    i.HCLL_Read_Local_Ver_Info  Rafael_BLE_MM32F032xx_s.lib(ll.o)
    0x08001a94   0x08001a94   0x00000030   Code   RO         4656    i.HCLL_Read_Remote_Ver_Info  Rafael_BLE_MM32F032xx_s.lib(ll.o)
    0x08001ac4   0x08001ac4   0x00000002   Code   RO         4657    i.HCLL_Read_Transmit_Pwr_Level  Rafael_BLE_MM32F032xx_s.lib(ll.o)
    0x08001ac6   0x08001ac6   0x00000002   Code   RO         4658    i.HCLL_Read_authen_payload_timeout  Rafael_BLE_MM32F032xx_s.lib(ll.o)
    0x08001ac8   0x08001ac8   0x00000002   Code   RO         4659    i.HCLL_Read_buffer_size  Rafael_BLE_MM32F032xx_s.lib(ll.o)
    0x08001aca   0x08001aca   0x00000002   PAD
    0x08001acc   0x08001acc   0x00000034   Code   RO         4660    i.HCLL_Read_rssi    Rafael_BLE_MM32F032xx_s.lib(ll.o)
    0x08001b00   0x08001b00   0x0000001a   Code   RO         4661    i.HCLL_Reset        Rafael_BLE_MM32F032xx_s.lib(ll.o)
    0x08001b1a   0x08001b1a   0x00000002   Code   RO         4662    i.HCLL_Set_Ctrler_to_Host_Flow_Ctrl  Rafael_BLE_MM32F032xx_s.lib(ll.o)
    0x08001b1c   0x08001b1c   0x0000003c   Code   RO         4663    i.HCLL_Set_Event_Mask  Rafael_BLE_MM32F032xx_s.lib(ll.o)
    0x08001b58   0x08001b58   0x00000024   Code   RO         4664    i.HCLL_Set_Event_Mask_Page_2  Rafael_BLE_MM32F032xx_s.lib(ll.o)
    0x08001b7c   0x08001b7c   0x00000002   Code   RO         4665    i.HCLL_Write_Le_Host_Support  Rafael_BLE_MM32F032xx_s.lib(ll.o)
    0x08001b7e   0x08001b7e   0x00000002   Code   RO         4666    i.HCLL_Write_authen_payload_timeout  Rafael_BLE_MM32F032xx_s.lib(ll.o)
    0x08001b80   0x08001b80   0x00000018   Code   RO         4523    i.HSPF_Att_Read     Rafael_BLE_MM32F032xx_s.lib(host.o)
    0x08001b98   0x08001b98   0x0000001c   Code   RO         4524    i.HSPF_Att_Write    Rafael_BLE_MM32F032xx_s.lib(host.o)
    0x08001bb4   0x08001bb4   0x00000024   Code   RO         4525    i.Host_Root         Rafael_BLE_MM32F032xx_s.lib(host.o)
    0x08001bd8   0x08001bd8   0x0000005c   Code   RO         4211    i.KernelInit        Rafael_BLE_MM32F032xx_s.lib(kernel.o)
    0x08001c34   0x08001c34   0x00000020   Code   RO         4212    i.Knl_CodeComp      Rafael_BLE_MM32F032xx_s.lib(kernel.o)
    0x08001c54   0x08001c54   0x00000012   Code   RO         4214    i.Knl_CodeCpy       Rafael_BLE_MM32F032xx_s.lib(kernel.o)
    0x08001c66   0x08001c66   0x0000001c   Code   RO         4216    i.Knl_CodeCpyInv_Isr  Rafael_BLE_MM32F032xx_s.lib(kernel.o)
    0x08001c82   0x08001c82   0x00000012   Code   RO         4217    i.Knl_CodeCpy_Isr   Rafael_BLE_MM32F032xx_s.lib(kernel.o)
    0x08001c94   0x08001c94   0x00000020   Code   RO         4218    i.Knl_MemComp       Rafael_BLE_MM32F032xx_s.lib(kernel.o)
    0x08001cb4   0x08001cb4   0x00000020   Code   RO         4219    i.Knl_MemComp_Isr   Rafael_BLE_MM32F032xx_s.lib(kernel.o)
    0x08001cd4   0x08001cd4   0x00000012   Code   RO         4220    i.Knl_MemCpy        Rafael_BLE_MM32F032xx_s.lib(kernel.o)
    0x08001ce6   0x08001ce6   0x0000001c   Code   RO         4221    i.Knl_MemCpyInv     Rafael_BLE_MM32F032xx_s.lib(kernel.o)
    0x08001d02   0x08001d02   0x0000001c   Code   RO         4222    i.Knl_MemCpyInv_Isr  Rafael_BLE_MM32F032xx_s.lib(kernel.o)
    0x08001d1e   0x08001d1e   0x00000018   Code   RO         4223    i.Knl_MemCpy_Fwd    Rafael_BLE_MM32F032xx_s.lib(kernel.o)
    0x08001d36   0x08001d36   0x00000012   Code   RO         4224    i.Knl_MemCpy_Isr    Rafael_BLE_MM32F032xx_s.lib(kernel.o)
    0x08001d48   0x08001d48   0x00000024   Code   RO         6093    i.L2CAP_Root        Rafael_BLE_MM32F032xx_s.lib(l2cap.o)
    0x08001d6c   0x08001d6c   0x000001cc   Code   RO         4667    i.LLEC_LE_CCM_Manual  Rafael_BLE_MM32F032xx_s.lib(ll.o)
    0x08001f38   0x08001f38   0x00000030   Code   RO         4668    i.LLEC_LE_Encrypt   Rafael_BLE_MM32F032xx_s.lib(ll.o)
    0x08001f68   0x08001f68   0x00000064   Code   RO         4669    i.LLEC_LE_Long_term_key_req_reply  Rafael_BLE_MM32F032xx_s.lib(ll.o)
    0x08001fcc   0x08001fcc   0x0000004c   Code   RO         4670    i.LLEC_LE_Rand      Rafael_BLE_MM32F032xx_s.lib(ll.o)
    0x08002018   0x08002018   0x0000008c   Code   RO         4671    i.LLEC_LE_Start_encryption  Rafael_BLE_MM32F032xx_s.lib(ll.o)
    0x080020a4   0x080020a4   0x0000001a   Code   RO         4672    i.LLHC_ERR_CODE_Invalid_Lmp_Parameters  Rafael_BLE_MM32F032xx_s.lib(ll.o)
    0x080020be   0x080020be   0x0000001a   Code   RO         4673    i.LLHC_ERR_CODE_Unknown_Hci_Command  Rafael_BLE_MM32F032xx_s.lib(ll.o)
    0x080020d8   0x080020d8   0x000003f8   Code   RO         4674    i.LLHC_LE_Ctrl_Pkt  Rafael_BLE_MM32F032xx_s.lib(ll.o)
    0x080024d0   0x080024d0   0x0000006c   Code   RO         4675    i.LLHeaderRdy_Isr   Rafael_BLE_MM32F032xx_s.lib(ll.o)
    0x0800253c   0x0800253c   0x0000000c   Code   RO         5438    i.LLTimeline_Get    Rafael_BLE_MM32F032xx_s.lib(rf_phy.o)
    0x08002548   0x08002548   0x00000118   Code   RO         4676    i.LLTimerFIFOGetSend_Isr  Rafael_BLE_MM32F032xx_s.lib(ll.o)
    0x08002660   0x08002660   0x00000fec   Code   RO         4677    i.LLTimer_Isr       Rafael_BLE_MM32F032xx_s.lib(ll.o)
    0x0800364c   0x0800364c   0x00000044   Code   RO         4678    i.LLTimer_TmrRefUpd_Isr  Rafael_BLE_MM32F032xx_s.lib(ll.o)
    0x08003690   0x08003690   0x00000298   Code   RO         4679    i.LLWTRFIFOGet_Isr  Rafael_BLE_MM32F032xx_s.lib(ll.o)
    0x08003928   0x08003928   0x00000024   Code   RO         4680    i.LLWTR_Buffer_nAck_Isr  Rafael_BLE_MM32F032xx_s.lib(ll.o)
    0x0800394c   0x0800394c   0x0000006c   Code   RO         4681    i.LLWTR_Buffer_wAck_Isr  Rafael_BLE_MM32F032xx_s.lib(ll.o)
    0x080039b8   0x080039b8   0x00000900   Code   RO         4682    i.LLWTR_Isr         Rafael_BLE_MM32F032xx_s.lib(ll.o)
    0x080042b8   0x080042b8   0x00000058   Code   RO         4683    i.LLWTR_MDset       Rafael_BLE_MM32F032xx_s.lib(ll.o)
    0x08004310   0x08004310   0x00000418   Code   RO         4684    i.LLWTR_Rx2Hc       Rafael_BLE_MM32F032xx_s.lib(ll.o)
    0x08004728   0x08004728   0x00000016   Code   RO         4685    i.LLWTR_TxEndRpt    Rafael_BLE_MM32F032xx_s.lib(ll.o)
    0x0800473e   0x0800473e   0x00000002   PAD
    0x08004740   0x08004740   0x00000310   Code   RO         4686    i.LL_Buffer_To_FIFO_Isr  Rafael_BLE_MM32F032xx_s.lib(ll.o)
    0x08004a50   0x08004a50   0x00000018   Code   RO         4687    i.LL_CheckConnExist  Rafael_BLE_MM32F032xx_s.lib(ll.o)
    0x08004a68   0x08004a68   0x00000098   Code   RO         4688    i.LL_Data2ConnTxFIFO  Rafael_BLE_MM32F032xx_s.lib(ll.o)
    0x08004b00   0x08004b00   0x0000007c   Code   RO         4689    i.LL_Data2ConnTxFIFO_smp  Rafael_BLE_MM32F032xx_s.lib(ll.o)
    0x08004b7c   0x08004b7c   0x00000054   Code   RO         4690    i.LL_Data2ConnTxFIFO_smp_Isr  Rafael_BLE_MM32F032xx_s.lib(ll.o)
    0x08004bd0   0x08004bd0   0x00000078   Code   RO         4691    i.LL_EventCounter_Map_Upd  Rafael_BLE_MM32F032xx_s.lib(ll.o)
    0x08004c48   0x08004c48   0x000000d8   Code   RO         4692    i.LL_GPIO_Isr       Rafael_BLE_MM32F032xx_s.lib(ll.o)
    0x08004d20   0x08004d20   0x0000001c   Code   RO         4693    i.LL_GetSlaveFreeConnID  Rafael_BLE_MM32F032xx_s.lib(ll.o)
    0x08004d3c   0x08004d3c   0x00000020   Code   RO         4694    i.LL_MsgBlk_LL_conn_Para_Rls  Rafael_BLE_MM32F032xx_s.lib(ll.o)
    0x08004d5c   0x08004d5c   0x00000038   Code   RO         4695    i.LL_Msg_CTRL_PKT   Rafael_BLE_MM32F032xx_s.lib(ll.o)
    0x08004d94   0x08004d94   0x00000038   Code   RO         4696    i.LL_Msg_CTRL_PKT_Isr  Rafael_BLE_MM32F032xx_s.lib(ll.o)
    0x08004dcc   0x08004dcc   0x0000001a   Code   RO         4697    i.LL_Msg_Event_Disconn_Complete  Rafael_BLE_MM32F032xx_s.lib(ll.o)
    0x08004de6   0x08004de6   0x0000001e   Code   RO         4698    i.LL_Msg_Event_Encrypt_Change  Rafael_BLE_MM32F032xx_s.lib(ll.o)
    0x08004e04   0x08004e04   0x0000001e   Code   RO         4699    i.LL_Msg_Event_Le_Data_Length_Change  Rafael_BLE_MM32F032xx_s.lib(ll.o)
    0x08004e22   0x08004e22   0x00000020   Code   RO         4700    i.LL_Msg_Event_Le_PHY_Update_Complete  Rafael_BLE_MM32F032xx_s.lib(ll.o)
    0x08004e42   0x08004e42   0x0000001a   Code   RO         4701    i.LL_Msg_Event_Status  Rafael_BLE_MM32F032xx_s.lib(ll.o)
    0x08004e5c   0x08004e5c   0x00000016   Code   RO         4702    i.LL_Msg_Map_Upd    Rafael_BLE_MM32F032xx_s.lib(ll.o)
    0x08004e72   0x08004e72   0x00000002   PAD
    0x08004e74   0x08004e74   0x00000018   Code   RO         4703    i.LL_NextConnCh     Rafael_BLE_MM32F032xx_s.lib(ll.o)
    0x08004e8c   0x08004e8c   0x000000a8   Code   RO         4704    i.LL_Queue_To_Buffer_Isr  Rafael_BLE_MM32F032xx_s.lib(ll.o)
    0x08004f34   0x08004f34   0x000000e0   Code   RO         4705    i.LL_ReleaseConnID  Rafael_BLE_MM32F032xx_s.lib(ll.o)
    0x08005014   0x08005014   0x000000f4   Code   RO         4706    i.LL_ReleaseConnID_Isr  Rafael_BLE_MM32F032xx_s.lib(ll.o)
    0x08005108   0x08005108   0x00000054   Code   RO         4707    i.LL_RfChRemap      Rafael_BLE_MM32F032xx_s.lib(ll.o)
    0x0800515c   0x0800515c   0x00000024   Code   RO         4708    i.LL_Root           Rafael_BLE_MM32F032xx_s.lib(ll.o)
    0x08005180   0x08005180   0x00000054   Code   RO         4709    i.LL_RxEnter_Isr    Rafael_BLE_MM32F032xx_s.lib(ll.o)
    0x080051d4   0x080051d4   0x0000001c   Code   RO         4711    i.LL_Slv_Win_Width_Incr  Rafael_BLE_MM32F032xx_s.lib(ll.o)
    0x080051f0   0x080051f0   0x00000024   Code   RO         4712    i.LL_Slv_Win_Width_Reset  Rafael_BLE_MM32F032xx_s.lib(ll.o)
    0x08005214   0x08005214   0x00000030   Code   RO         4713    i.LL_SvPrToutAccu_Incr  Rafael_BLE_MM32F032xx_s.lib(ll.o)
    0x08005244   0x08005244   0x0000002c   Code   RO         4714    i.LL_TmrBlk_Pt_PairRst  Rafael_BLE_MM32F032xx_s.lib(ll.o)
    0x08005270   0x08005270   0x0000003c   Code   RO         4715    i.LL_TmrBlk_Rls     Rafael_BLE_MM32F032xx_s.lib(ll.o)
    0x080052ac   0x080052ac   0x00000024   Code   RO         4716    i.LL_TmrBlk_Rls_NxtIntvl  Rafael_BLE_MM32F032xx_s.lib(ll.o)
    0x080052d0   0x080052d0   0x0000004c   Code   RO         4717    i.LL_TmrBlk_Rls_Pair  Rafael_BLE_MM32F032xx_s.lib(ll.o)
    0x0800531c   0x0800531c   0x00000080   Code   RO         4718    i.LL_Tmr_FIFO_ADVrpt  Rafael_BLE_MM32F032xx_s.lib(ll.o)
    0x0800539c   0x0800539c   0x00000058   Code   RO         4719    i.LL_TxEnter_Isr    Rafael_BLE_MM32F032xx_s.lib(ll.o)
    0x080053f4   0x080053f4   0x00000044   Code   RO         4720    i.LL_smp_SKD_IV_genIn  Rafael_BLE_MM32F032xx_s.lib(ll.o)
    0x08005438   0x08005438   0x0000003a   Code   RO          719    i.MCU_GpioIntDisable  porting_misc.o
    0x08005472   0x08005472   0x0000003e   Code   RO          720    i.MCU_GpioIntEnable  porting_misc.o
    0x080054b0   0x080054b0   0x0000002c   Code   RO          721    i.MCU_GpioPinInit   porting_misc.o
    0x080054dc   0x080054dc   0x00000034   Code   RO          722    i.MCU_GpioReset     porting_misc.o
    0x08005510   0x08005510   0x00000050   Code   RO          723    i.MCU_GpioResetInit  porting_misc.o
    0x08005560   0x08005560   0x00000004   Code   RO         4721    i.MEC_HCI_Null      Rafael_BLE_MM32F032xx_s.lib(ll.o)
    0x08005564   0x08005564   0x0000021c   Code   RO         4150    i.MHC_Callback      Rafael_BLE_MM32F032xx_s.lib(ble_event.o)
    0x08005780   0x08005780   0x00000002   Code   RO         5868    i.MHC_Event_Authen_Payload_Timeout_Expired  Rafael_BLE_MM32F032xx_s.lib(hci.o)
    0x08005782   0x08005782   0x00000002   PAD
    0x08005784   0x08005784   0x00000098   Code   RO         5869    i.MHC_Event_Cmd_Complete  Rafael_BLE_MM32F032xx_s.lib(hci.o)
    0x0800581c   0x0800581c   0x00000014   Code   RO         5870    i.MHC_Event_Cmd_Status  Rafael_BLE_MM32F032xx_s.lib(hci.o)
    0x08005830   0x08005830   0x00000002   Code   RO         5871    i.MHC_Event_Data_Buffer_Overflow  Rafael_BLE_MM32F032xx_s.lib(hci.o)
    0x08005832   0x08005832   0x00000002   PAD
    0x08005834   0x08005834   0x00000024   Code   RO         5872    i.MHC_Event_Disconn_Complete  Rafael_BLE_MM32F032xx_s.lib(hci.o)
    0x08005858   0x08005858   0x000000f8   Code   RO         5873    i.MHC_Event_Encrypt_Change  Rafael_BLE_MM32F032xx_s.lib(hci.o)
    0x08005950   0x08005950   0x00000058   Code   RO         5874    i.MHC_Event_Encrypt_Key_Refresh_Complete  Rafael_BLE_MM32F032xx_s.lib(hci.o)
    0x080059a8   0x080059a8   0x00000004   Code   RO         5875    i.MHC_Event_HCI_Raw  Rafael_BLE_MM32F032xx_s.lib(hci.o)
    0x080059ac   0x080059ac   0x00000002   Code   RO         5876    i.MHC_Event_Hardware_Error  Rafael_BLE_MM32F032xx_s.lib(hci.o)
    0x080059ae   0x080059ae   0x00000002   PAD
    0x080059b0   0x080059b0   0x00000028   Code   RO         5877    i.MHC_Event_Le_Adv_Report  Rafael_BLE_MM32F032xx_s.lib(hci.o)
    0x080059d8   0x080059d8   0x0000007c   Code   RO         5878    i.MHC_Event_Le_Conn_Complete  Rafael_BLE_MM32F032xx_s.lib(hci.o)
    0x08005a54   0x08005a54   0x0000002c   Code   RO         5879    i.MHC_Event_Le_Conn_Update_Complete  Rafael_BLE_MM32F032xx_s.lib(hci.o)
    0x08005a80   0x08005a80   0x00000028   Code   RO         5880    i.MHC_Event_Le_Data_Length_Change  Rafael_BLE_MM32F032xx_s.lib(hci.o)
    0x08005aa8   0x08005aa8   0x000000e8   Code   RO         5881    i.MHC_Event_Le_Long_Term_Key_Req  Rafael_BLE_MM32F032xx_s.lib(hci.o)
    0x08005b90   0x08005b90   0x00000028   Code   RO         5882    i.MHC_Event_Le_PHY_Update_Complete  Rafael_BLE_MM32F032xx_s.lib(hci.o)
    0x08005bb8   0x08005bb8   0x0000001c   Code   RO         5883    i.MHC_Event_Le_Read_Remote_Used_Features_Complete  Rafael_BLE_MM32F032xx_s.lib(hci.o)
    0x08005bd4   0x08005bd4   0x0000000c   Code   RO         5884    i.MHC_Event_Le_Remote_Conn_param_Req_Event  Rafael_BLE_MM32F032xx_s.lib(hci.o)
    0x08005be0   0x08005be0   0x0000000e   Code   RO         5885    i.MHC_Event_Le_Wait_Passkey_Confrim  Rafael_BLE_MM32F032xx_s.lib(hci.o)
    0x08005bee   0x08005bee   0x00000002   Code   RO         5886    i.MHC_Event_Null    Rafael_BLE_MM32F032xx_s.lib(hci.o)
    0x08005bf0   0x08005bf0   0x00000004   Code   RO         5887    i.MHC_Event_Num_Of_Completed_Pckts  Rafael_BLE_MM32F032xx_s.lib(hci.o)
    0x08005bf4   0x08005bf4   0x00000010   Code   RO         5888    i.MHC_Event_Read_Remote_Ver_Info_Complete  Rafael_BLE_MM32F032xx_s.lib(hci.o)
    0x08005c04   0x08005c04   0x0000000e   Code   RO         5889    i.MHC_Event_STK_Gen_Method  Rafael_BLE_MM32F032xx_s.lib(hci.o)
    0x08005c12   0x08005c12   0x0000000e   Code   RO         5890    i.MHC_Evnet_Auth_Status  Rafael_BLE_MM32F032xx_s.lib(hci.o)
    0x08005c20   0x08005c20   0x00000044   Code   RO         5891    i.MHC_LE_ACL_Data_Pkt  Rafael_BLE_MM32F032xx_s.lib(hci.o)
    0x08005c64   0x08005c64   0x00000004   Code   RO         5892    i.MHC_LE_ACL_Data_Pkt_Extend  Rafael_BLE_MM32F032xx_s.lib(hci.o)
    0x08005c68   0x08005c68   0x00000002   Code   RO         4526    i.MHS_Event_Null    Rafael_BLE_MM32F032xx_s.lib(host.o)
    0x08005c6a   0x08005c6a   0x00000002   Code   RO         6094    i.ML2CAP_Event_Null  Rafael_BLE_MM32F032xx_s.lib(l2cap.o)
    0x08005c6c   0x08005c6c   0x00000004   Code   RO         4722    i.MLL_HCI_Null      Rafael_BLE_MM32F032xx_s.lib(ll.o)
    0x08005c70   0x08005c70   0x00000004   Code   RO         4723    i.MLL_LE_Ctrl_Pkt   Rafael_BLE_MM32F032xx_s.lib(ll.o)
    0x08005c74   0x08005c74   0x00000018   Code   RO         4724    i.MLL_LL_CHN_Map_Upd  Rafael_BLE_MM32F032xx_s.lib(ll.o)
    0x08005c8c   0x08005c8c   0x0000001c   Code   RO         4725    i.MLL_LL_Enc_Req    Rafael_BLE_MM32F032xx_s.lib(ll.o)
    0x08005ca8   0x08005ca8   0x00000050   Code   RO         2060    i.NVIC_Init         hal_misc.o
    0x08005cf8   0x08005cf8   0x00000044   Code   RO           83    i.NVIC_SetPriority  main.o
    0x08005d3c   0x08005d3c   0x00000044   Code   RO          555    i.NVIC_SetPriority  systick.o
    0x08005d80   0x08005d80   0x00000036   Code   RO         6143    i.PassEC_BLE_CODE_SMP  Rafael_BLE_MM32F032xx_s.lib(mmi.o)
    0x08005db6   0x08005db6   0x00000002   PAD
    0x08005db8   0x08005db8   0x00000024   Code   RO         6144    i.Prcss_BLE_CODE_SMP_Encryption_Information  Rafael_BLE_MM32F032xx_s.lib(mmi.o)
    0x08005ddc   0x08005ddc   0x00000004   Code   RO         6145    i.Prcss_BLE_CODE_SMP_Identity_Address_Information  Rafael_BLE_MM32F032xx_s.lib(mmi.o)
    0x08005de0   0x08005de0   0x00000024   Code   RO         6146    i.Prcss_BLE_CODE_SMP_Identity_Information  Rafael_BLE_MM32F032xx_s.lib(mmi.o)
    0x08005e04   0x08005e04   0x0000003c   Code   RO         6147    i.Prcss_BLE_CODE_SMP_Master_Identification  Rafael_BLE_MM32F032xx_s.lib(mmi.o)
    0x08005e40   0x08005e40   0x00000068   Code   RO         6148    i.Prcss_BLE_CODE_SMP_Pairing_Confirm  Rafael_BLE_MM32F032xx_s.lib(mmi.o)
    0x08005ea8   0x08005ea8   0x00000034   Code   RO         6149    i.Prcss_BLE_CODE_SMP_Pairing_Failed  Rafael_BLE_MM32F032xx_s.lib(mmi.o)
    0x08005edc   0x08005edc   0x0000001c   Code   RO         6150    i.Prcss_BLE_CODE_SMP_Pairing_Random  Rafael_BLE_MM32F032xx_s.lib(mmi.o)
    0x08005ef8   0x08005ef8   0x00000100   Code   RO         6151    i.Prcss_BLE_CODE_SMP_Pairing_Request  Rafael_BLE_MM32F032xx_s.lib(mmi.o)
    0x08005ff8   0x08005ff8   0x00000004   Code   RO         6152    i.Prcss_BLE_CODE_SMP_Pairing_Response  Rafael_BLE_MM32F032xx_s.lib(mmi.o)
    0x08005ffc   0x08005ffc   0x00000004   Code   RO         6153    i.Prcss_BLE_CODE_SMP_Reserved  Rafael_BLE_MM32F032xx_s.lib(mmi.o)
    0x08006000   0x08006000   0x00000004   Code   RO         6154    i.Prcss_BLE_CODE_SMP_Security_Request  Rafael_BLE_MM32F032xx_s.lib(mmi.o)
    0x08006004   0x08006004   0x00000024   Code   RO         6155    i.Prcss_BLE_CODE_SMP_Signing_Information  Rafael_BLE_MM32F032xx_s.lib(mmi.o)
    0x08006028   0x08006028   0x00000004   Code   RO         6156    i.Prcss_L2CAP_CID_AMP_MANAGER_PROTOCOL  Rafael_BLE_MM32F032xx_s.lib(mmi.o)
    0x0800602c   0x0800602c   0x00000070   Code   RO         6157    i.Prcss_L2CAP_CID_ATTRIBUTE_PROTOCOL  Rafael_BLE_MM32F032xx_s.lib(mmi.o)
    0x0800609c   0x0800609c   0x00000004   Code   RO         6158    i.Prcss_L2CAP_CID_CONNECTIONLESS_CHANNEL  Rafael_BLE_MM32F032xx_s.lib(mmi.o)
    0x080060a0   0x080060a0   0x00000004   Code   RO         6159    i.Prcss_L2CAP_CID_L2CAP_SIGNALING_CHANNEL  Rafael_BLE_MM32F032xx_s.lib(mmi.o)
    0x080060a4   0x080060a4   0x00000068   Code   RO         6160    i.Prcss_L2CAP_CID_LE_L2CAP_SIGNALING_CHANNEL  Rafael_BLE_MM32F032xx_s.lib(mmi.o)
    0x0800610c   0x0800610c   0x00000004   Code   RO         6161    i.Prcss_L2CAP_CID_NULL_IDENTIFIER  Rafael_BLE_MM32F032xx_s.lib(mmi.o)
    0x08006110   0x08006110   0x0000002c   Code   RO         6162    i.Prcss_L2CAP_CID_SECURITY_MANAGER_PROTOCOL  Rafael_BLE_MM32F032xx_s.lib(mmi.o)
    0x0800613c   0x0800613c   0x00000004   Code   RO         6163    i.Prcss_OPCODE_ATT_Error_Response  Rafael_BLE_MM32F032xx_s.lib(mmi.o)
    0x08006140   0x08006140   0x00000054   Code   RO         6164    i.Prcss_OPCODE_ATT_Exchange_MTU_Request  Rafael_BLE_MM32F032xx_s.lib(mmi.o)
    0x08006194   0x08006194   0x00000030   Code   RO         6165    i.Prcss_OPCODE_ATT_Exchange_MTU_Response  Rafael_BLE_MM32F032xx_s.lib(mmi.o)
    0x080061c4   0x080061c4   0x00000104   Code   RO         6166    i.Prcss_OPCODE_ATT_Execute_Write_Request  Rafael_BLE_MM32F032xx_s.lib(mmi.o)
    0x080062c8   0x080062c8   0x00000004   Code   RO         6167    i.Prcss_OPCODE_ATT_Execute_Write_Response  Rafael_BLE_MM32F032xx_s.lib(mmi.o)
    0x080062cc   0x080062cc   0x00000160   Code   RO         6168    i.Prcss_OPCODE_ATT_Find_By_Type_Value_Request  Rafael_BLE_MM32F032xx_s.lib(mmi.o)
    0x0800642c   0x0800642c   0x00000004   Code   RO         6169    i.Prcss_OPCODE_ATT_Find_By_Type_Value_Response  Rafael_BLE_MM32F032xx_s.lib(mmi.o)
    0x08006430   0x08006430   0x00000178   Code   RO         6170    i.Prcss_OPCODE_ATT_Find_Information_Request  Rafael_BLE_MM32F032xx_s.lib(mmi.o)
    0x080065a8   0x080065a8   0x00000004   Code   RO         6171    i.Prcss_OPCODE_ATT_Find_Information_Response  Rafael_BLE_MM32F032xx_s.lib(mmi.o)
    0x080065ac   0x080065ac   0x00000010   Code   RO         6172    i.Prcss_OPCODE_ATT_Handle_Value_Confirmation  Rafael_BLE_MM32F032xx_s.lib(mmi.o)
    0x080065bc   0x080065bc   0x00000004   Code   RO         6173    i.Prcss_OPCODE_ATT_Handle_Value_Indication  Rafael_BLE_MM32F032xx_s.lib(mmi.o)
    0x080065c0   0x080065c0   0x00000004   Code   RO         6174    i.Prcss_OPCODE_ATT_Handle_Value_Notification  Rafael_BLE_MM32F032xx_s.lib(mmi.o)
    0x080065c4   0x080065c4   0x00000004   Code   RO         6175    i.Prcss_OPCODE_ATT_NULL  Rafael_BLE_MM32F032xx_s.lib(mmi.o)
    0x080065c8   0x080065c8   0x00000120   Code   RO         6176    i.Prcss_OPCODE_ATT_Prepare_Write_Request  Rafael_BLE_MM32F032xx_s.lib(mmi.o)
    0x080066e8   0x080066e8   0x00000004   Code   RO         6177    i.Prcss_OPCODE_ATT_Prepare_Write_Response  Rafael_BLE_MM32F032xx_s.lib(mmi.o)
    0x080066ec   0x080066ec   0x00000158   Code   RO         6178    i.Prcss_OPCODE_ATT_Read_Blob_Request  Rafael_BLE_MM32F032xx_s.lib(mmi.o)
    0x08006844   0x08006844   0x00000004   Code   RO         6179    i.Prcss_OPCODE_ATT_Read_Blob_Response  Rafael_BLE_MM32F032xx_s.lib(mmi.o)
    0x08006848   0x08006848   0x00000278   Code   RO         6180    i.Prcss_OPCODE_ATT_Read_By_Type_Request  Rafael_BLE_MM32F032xx_s.lib(mmi.o)
    0x08006ac0   0x08006ac0   0x00000004   Code   RO         6181    i.Prcss_OPCODE_ATT_Read_By_Type_Response  Rafael_BLE_MM32F032xx_s.lib(mmi.o)
    0x08006ac4   0x08006ac4   0x00000024   Code   RO         6182    i.Prcss_OPCODE_ATT_Read_Multiple_Request  Rafael_BLE_MM32F032xx_s.lib(mmi.o)
    0x08006ae8   0x08006ae8   0x00000004   Code   RO         6183    i.Prcss_OPCODE_ATT_Read_Multiple_Response  Rafael_BLE_MM32F032xx_s.lib(mmi.o)
    0x08006aec   0x08006aec   0x00000130   Code   RO         6184    i.Prcss_OPCODE_ATT_Read_Request  Rafael_BLE_MM32F032xx_s.lib(mmi.o)
    0x08006c1c   0x08006c1c   0x00000004   Code   RO         6185    i.Prcss_OPCODE_ATT_Read_Response  Rafael_BLE_MM32F032xx_s.lib(mmi.o)
    0x08006c20   0x08006c20   0x000002f4   Code   RO         6186    i.Prcss_OPCODE_ATT_Read_by_Group_Type_Request  Rafael_BLE_MM32F032xx_s.lib(mmi.o)
    0x08006f14   0x08006f14   0x00000004   Code   RO         6187    i.Prcss_OPCODE_ATT_Read_by_Group_Type_Response  Rafael_BLE_MM32F032xx_s.lib(mmi.o)
    0x08006f18   0x08006f18   0x00000004   Code   RO         6188    i.Prcss_OPCODE_ATT_Signed_Write_Command  Rafael_BLE_MM32F032xx_s.lib(mmi.o)
    0x08006f1c   0x08006f1c   0x000000e4   Code   RO         6189    i.Prcss_OPCODE_ATT_Write_Command  Rafael_BLE_MM32F032xx_s.lib(mmi.o)
    0x08007000   0x08007000   0x00000128   Code   RO         6190    i.Prcss_OPCODE_ATT_Write_Request  Rafael_BLE_MM32F032xx_s.lib(mmi.o)
    0x08007128   0x08007128   0x0000000c   Code   RO         6191    i.Prcss_OPCODE_ATT_Write_Response  Rafael_BLE_MM32F032xx_s.lib(mmi.o)
    0x08007134   0x08007134   0x0000001c   Code   RO         2176    i.RCC_AHBPeriphClockCmd  hal_rcc.o
    0x08007150   0x08007150   0x0000001c   Code   RO         2178    i.RCC_APB1PeriphClockCmd  hal_rcc.o
    0x0800716c   0x0800716c   0x0000001c   Code   RO         2180    i.RCC_APB2PeriphClockCmd  hal_rcc.o
    0x08007188   0x08007188   0x00000020   Code   RO         2189    i.RCC_GetHCLKFreq   hal_rcc.o
    0x080071a8   0x080071a8   0x00000020   Code   RO         2191    i.RCC_GetPCLK1Freq  hal_rcc.o
    0x080071c8   0x080071c8   0x00000020   Code   RO         2192    i.RCC_GetPCLK2Freq  hal_rcc.o
    0x080071e8   0x080071e8   0x00000048   Code   RO         2194    i.RCC_GetSysClockFreq  hal_rcc.o
    0x08007230   0x08007230   0x0000001c   Code   RO         5440    i.RF_CCM_AES_Mode_set  Rafael_BLE_MM32F032xx_s.lib(rf_phy.o)
    0x0800724c   0x0800724c   0x0000000e   Code   RO         5441    i.RF_CRCInit        Rafael_BLE_MM32F032xx_s.lib(rf_phy.o)
    0x0800725a   0x0800725a   0x00000014   Code   RO         5442    i.RF_CRCchk         Rafael_BLE_MM32F032xx_s.lib(rf_phy.o)
    0x0800726e   0x0800726e   0x00000002   PAD
    0x08007270   0x08007270   0x0000002c   Code   RO         5443    i.RF_DC_Rstr_Isr    Rafael_BLE_MM32F032xx_s.lib(rf_phy.o)
    0x0800729c   0x0800729c   0x00000070   Code   RO         5446    i.RF_Get_LastRssi   Rafael_BLE_MM32F032xx_s.lib(rf_phy.o)
    0x0800730c   0x0800730c   0x00000010   Code   RO         5448    i.RF_Header_Rdy_intOn  Rafael_BLE_MM32F032xx_s.lib(rf_phy.o)
    0x0800731c   0x0800731c   0x00000168   Code   RO         5449    i.RF_Init           Rafael_BLE_MM32F032xx_s.lib(rf_phy.o)
    0x08007484   0x08007484   0x00000014   Code   RO         5450    i.RF_IntReset       Rafael_BLE_MM32F032xx_s.lib(rf_phy.o)
    0x08007498   0x08007498   0x00000018   Code   RO         5452    i.RF_LE_HeaderStsLen_Tx  Rafael_BLE_MM32F032xx_s.lib(rf_phy.o)
    0x080074b0   0x080074b0   0x00000020   Code   RO           84    i.RF_Open           main.o
    0x080074d0   0x080074d0   0x0000000e   Code   RO         5453    i.RF_PLL_VCO_Bank_set  Rafael_BLE_MM32F032xx_s.lib(rf_phy.o)
    0x080074de   0x080074de   0x00000002   PAD
    0x080074e0   0x080074e0   0x00000044   Code   RO         5454    i.RF_PowerSaving_En_Isr  Rafael_BLE_MM32F032xx_s.lib(rf_phy.o)
    0x08007524   0x08007524   0x0000000c   Code   RO         5457    i.RF_RxLengthLimit  Rafael_BLE_MM32F032xx_s.lib(rf_phy.o)
    0x08007530   0x08007530   0x00000010   Code   RO         5458    i.RF_Set_TxPowerLevel_Isr  Rafael_BLE_MM32F032xx_s.lib(rf_phy.o)
    0x08007540   0x08007540   0x0000009c   Code   RO          725    i.RF_SpiIoMapping   porting_misc.o
    0x080075dc   0x080075dc   0x00000034   Code   RO         5459    i.RF_SymbolRate_Patch_1M_2M  Rafael_BLE_MM32F032xx_s.lib(rf_phy.o)
    0x08007610   0x08007610   0x00000024   Code   RO         5460    i.RF_SymbolRate_set  Rafael_BLE_MM32F032xx_s.lib(rf_phy.o)
    0x08007634   0x08007634   0x000000e0   Code   RO         5464    i.RF_Tmr_Periodic_initial  Rafael_BLE_MM32F032xx_s.lib(rf_phy.o)
    0x08007714   0x08007714   0x0000005c   Code   RO         5465    i.RF_Tmr_Periodic_set_ISR  Rafael_BLE_MM32F032xx_s.lib(rf_phy.o)
    0x08007770   0x08007770   0x00000018   Code   RO         5466    i.RF_TxAutoAckOff   Rafael_BLE_MM32F032xx_s.lib(rf_phy.o)
    0x08007788   0x08007788   0x00000018   Code   RO         5467    i.RF_TxAutoAckOn    Rafael_BLE_MM32F032xx_s.lib(rf_phy.o)
    0x080077a0   0x080077a0   0x00000018   Code   RO         5468    i.RF_TxFIFO_ADVData_set  Rafael_BLE_MM32F032xx_s.lib(rf_phy.o)
    0x080077b8   0x080077b8   0x00000018   Code   RO         5469    i.RF_TxFIFO_ADVaddr_set  Rafael_BLE_MM32F032xx_s.lib(rf_phy.o)
    0x080077d0   0x080077d0   0x00000020   Code   RO         5470    i.RF_TxFIFO_LeData_set  Rafael_BLE_MM32F032xx_s.lib(rf_phy.o)
    0x080077f0   0x080077f0   0x0000001c   Code   RO         5471    i.RF_TxFIFO_LeData_wIdx_set  Rafael_BLE_MM32F032xx_s.lib(rf_phy.o)
    0x0800780c   0x0800780c   0x0000001c   Code   RO         5472    i.RF_TxFIFO_OriginAddr_set  Rafael_BLE_MM32F032xx_s.lib(rf_phy.o)
    0x08007828   0x08007828   0x00000068   Code   RO         5473    i.RF_Voltage_Det    Rafael_BLE_MM32F032xx_s.lib(rf_phy.o)
    0x08007890   0x08007890   0x00000014   Code   RO         5474    i.RF_WTR_EnChk      Rafael_BLE_MM32F032xx_s.lib(rf_phy.o)
    0x080078a4   0x080078a4   0x00000018   Code   RO         5477    i.RF_WTR_intOff     Rafael_BLE_MM32F032xx_s.lib(rf_phy.o)
    0x080078bc   0x080078bc   0x00000018   Code   RO         5478    i.RF_WTR_intOn      Rafael_BLE_MM32F032xx_s.lib(rf_phy.o)
    0x080078d4   0x080078d4   0x0000003c   Code   RO         4726    i.RF_cmpFIFO_BDAddr  Rafael_BLE_MM32F032xx_s.lib(ll.o)
    0x08007910   0x08007910   0x00000044   Code   RO         4727    i.RF_cmpFIFO_WhiteList  Rafael_BLE_MM32F032xx_s.lib(ll.o)
    0x08007954   0x08007954   0x00000024   Code   RO         4225    i.RcvMsgBlk         Rafael_BLE_MM32F032xx_s.lib(kernel.o)
    0x08007978   0x08007978   0x0000000c   Code   RO         6095    i.Rls_L2CAP_Buf     Rafael_BLE_MM32F032xx_s.lib(l2cap.o)
    0x08007984   0x08007984   0x00000034   Code   RO         6192    i.SMEC_LE_CODE_SMP_Pairing_Confirm  Rafael_BLE_MM32F032xx_s.lib(mmi.o)
    0x080079b8   0x080079b8   0x000000a0   Code   RO         6193    i.SMEC_LE_CODE_SMP_Pairing_Random  Rafael_BLE_MM32F032xx_s.lib(mmi.o)
    0x08007a58   0x08007a58   0x00000090   Code   RO         6194    i.SMEC_LE_SMP_Key_Gen  Rafael_BLE_MM32F032xx_s.lib(mmi.o)
    0x08007ae8   0x08007ae8   0x00000060   Code   RO          809    i.SPI_1BYT_SetRx    porting_spi.o
    0x08007b48   0x08007b48   0x0000007c   Code   RO          810    i.SPI_1BYT_SetRx_Isr  porting_spi.o
    0x08007bc4   0x08007bc4   0x00000054   Code   RO          811    i.SPI_1BYT_SetTx    porting_spi.o
    0x08007c18   0x08007c18   0x00000050   Code   RO          812    i.SPI_1BYT_SetTx_Isr  porting_spi.o
    0x08007c68   0x08007c68   0x00000074   Code   RO          813    i.SPI_2BYT_SetTx_Isr  porting_spi.o
    0x08007cdc   0x08007cdc   0x00000034   Code   RO         2554    i.SPI_BiDirectionalLineConfig  hal_spi.o
    0x08007d10   0x08007d10   0x00000018   Code   RO         2555    i.SPI_CSInternalSelected  hal_spi.o
    0x08007d28   0x08007d28   0x00000018   Code   RO         2557    i.SPI_Cmd           hal_spi.o
    0x08007d40   0x08007d40   0x00000018   Code   RO         2558    i.SPI_DMACmd        hal_spi.o
    0x08007d58   0x08007d58   0x00000038   Code   RO          726    i.SPI_GPIO_Init     porting_misc.o
    0x08007d90   0x08007d90   0x00000086   Code   RO         2565    i.SPI_Init          hal_spi.o
    0x08007e16   0x08007e16   0x00000002   PAD
    0x08007e18   0x08007e18   0x0000007c   Code   RO          814    i.SPI_PDMA_SetRx_Isr  porting_spi.o
    0x08007e94   0x08007e94   0x00000078   Code   RO          815    i.SPI_PDMA_SetTx    porting_spi.o
    0x08007f0c   0x08007f0c   0x00000004   Code   RO          816    i.SPI_PDMA_waitFinish  porting_spi.o
    0x08007f10   0x08007f10   0x0000001a   Code   RO         2571    i.SPI_StructInit    hal_spi.o
    0x08007f2a   0x08007f2a   0x00000002   PAD
    0x08007f2c   0x08007f2c   0x0000016c   Code   RO          462    i.SPIx_Configure    spi.o
    0x08008098   0x08008098   0x0000016c   Code   RO          463    i.SPIx_DMA_Configure  spi.o
    0x08008204   0x08008204   0x00000040   Code   RO          464    i.SPIx_DMA_InterruptConfigure  spi.o
    0x08008244   0x08008244   0x000000d8   Code   RO          465    i.SPIx_DMA_RxData   spi.o
    0x0800831c   0x0800831c   0x000000d0   Code   RO          466    i.SPIx_DMA_TxData   spi.o
    0x080083ec   0x080083ec   0x00000044   Code   RO          467    i.SPIx_ReadWriteByte  spi.o
    0x08008430   0x08008430   0x0000000a   Code   RO          468    i.SPIx_WriteByte    spi.o
    0x0800843a   0x0800843a   0x00000008   Code   RO            4    i.SetSysClock       system_mm32f032xx_s.o
    0x08008442   0x08008442   0x00000002   PAD
    0x08008444   0x08008444   0x000000d0   Code   RO            5    i.SetSysClockTo48   system_mm32f032xx_s.o
    0x08008514   0x08008514   0x00000020   Code   RO         4226    i.SndMsgBlk         Rafael_BLE_MM32F032xx_s.lib(kernel.o)
    0x08008534   0x08008534   0x0000001c   Code   RO         4728    i.SndMsgBlkEC       Rafael_BLE_MM32F032xx_s.lib(ll.o)
    0x08008550   0x08008550   0x0000001c   Code   RO         4227    i.SndMsgBlk_Isr     Rafael_BLE_MM32F032xx_s.lib(kernel.o)
    0x0800856c   0x0800856c   0x00000030   Code   RO         4229    i.SndMsgBlks_Isr    Rafael_BLE_MM32F032xx_s.lib(kernel.o)
    0x0800859c   0x0800859c   0x00000010   Code   RO          556    i.SysTick_DelayMs   systick.o
    0x080085ac   0x080085ac   0x00000014   Code   RO          557    i.SysTick_Handler   systick.o
    0x080085c0   0x080085c0   0x0000004c   Code   RO          558    i.SysTick_Init      systick.o
    0x0800860c   0x0800860c   0x00000054   Code   RO            6    i.SystemInit        system_mm32f032xx_s.o
    0x08008660   0x08008660   0x00000080   Code   RO          603    i.UART1_IRQHandler  uart.o
    0x080086e0   0x080086e0   0x00000004   Code   RO         3292    i.UART_ClearITPendingBit  hal_uart.o
    0x080086e4   0x080086e4   0x0000000c   Code   RO         3293    i.UART_Cmd          hal_uart.o
    0x080086f0   0x080086f0   0x0000000e   Code   RO         3294    i.UART_DMACmd       hal_uart.o
    0x080086fe   0x080086fe   0x0000000e   Code   RO         3297    i.UART_GetFlagStatus  hal_uart.o
    0x0800870c   0x0800870c   0x0000000e   Code   RO         3298    i.UART_GetITStatus  hal_uart.o
    0x0800871a   0x0800871a   0x00000014   Code   RO         3300    i.UART_ITConfig     hal_uart.o
    0x0800872e   0x0800872e   0x00000002   PAD
    0x08008730   0x08008730   0x00000074   Code   RO         3301    i.UART_Init         hal_uart.o
    0x080087a4   0x080087a4   0x00000006   Code   RO         3305    i.UART_SendData     hal_uart.o
    0x080087aa   0x080087aa   0x00000018   Code   RO         3314    i.UART_StructInit   hal_uart.o
    0x080087c2   0x080087c2   0x00000018   Code   RO          604    i.UART_TX_Send      uart.o
    0x080087da   0x080087da   0x00000018   Code   RO          605    i.UART_nvic_config  uart.o
    0x080087f2   0x080087f2   0x00000002   PAD
    0x080087f4   0x080087f4   0x0000015c   Code   RO          606    i.UARTx_Configure   uart.o
    0x08008950   0x08008950   0x00000020   Code   RO          607    i.UartSendByte      uart.o
    0x08008970   0x08008970   0x00000020   Code   RO         6907    i.__0printf$8       mc_p.l(printf8.o)
    0x08008990   0x08008990   0x0000001a   Code   RO         4469    i.__ARM_common_switch8  Rafael_BLE_MM32F032xx_s.lib(kernel.o)
    0x080089aa   0x080089aa   0x0000000e   Code   RO         7002    i.__scatterload_copy  mc_p.l(handlers.o)
    0x080089b8   0x080089b8   0x00000002   Code   RO         7003    i.__scatterload_null  mc_p.l(handlers.o)
    0x080089ba   0x080089ba   0x0000000e   Code   RO         7004    i.__scatterload_zeroinit  mc_p.l(handlers.o)
    0x080089c8   0x080089c8   0x00000428   Code   RO         6914    i._printf_core      mc_p.l(printf8.o)
    0x08008df0   0x08008df0   0x00000020   Code   RO         6915    i._printf_post_padding  mc_p.l(printf8.o)
    0x08008e10   0x08008e10   0x0000002c   Code   RO         6916    i._printf_pre_padding  mc_p.l(printf8.o)
    0x08008e3c   0x08008e3c   0x00000094   Code   RO         6507    i.checkBLE_CmdTimer  Rafael_BLE_MM32F032xx_s.lib(rffunction.o)
    0x08008ed0   0x08008ed0   0x00000060   Code   RO         6508    i.chkBLE_ATTRIBUTE_PERMISSION_Read  Rafael_BLE_MM32F032xx_s.lib(rffunction.o)
    0x08008f30   0x08008f30   0x00000060   Code   RO         6509    i.chkBLE_ATTRIBUTE_PERMISSION_Write  Rafael_BLE_MM32F032xx_s.lib(rffunction.o)
    0x08008f90   0x08008f90   0x00000004   Code   RO         6510    i.chkBLE_ATT_Chr_AcssRd_ByUser  Rafael_BLE_MM32F032xx_s.lib(rffunction.o)
    0x08008f94   0x08008f94   0x00000004   Code   RO         6511    i.chkBLE_ATT_Chr_AcssWr_ByUser  Rafael_BLE_MM32F032xx_s.lib(rffunction.o)
    0x08008f98   0x08008f98   0x00000014   Code   RO         4729    i.chkBLE_LL_State_Adv  Rafael_BLE_MM32F032xx_s.lib(ll.o)
    0x08008fac   0x08008fac   0x00000014   Code   RO         4730    i.chkBLE_LL_State_Init  Rafael_BLE_MM32F032xx_s.lib(ll.o)
    0x08008fc0   0x08008fc0   0x00000014   Code   RO         4731    i.chkBLE_LL_State_Scan  Rafael_BLE_MM32F032xx_s.lib(ll.o)
    0x08008fd4   0x08008fd4   0x00000018   Code   RO         6512    i.chkIfBLE_ATT_Chr_Acss_ByUser  Rafael_BLE_MM32F032xx_s.lib(rffunction.o)
    0x08008fec   0x08008fec   0x00000030   Code   RO         6513    i.clearBLE_CmdTimer  Rafael_BLE_MM32F032xx_s.lib(rffunction.o)
    0x0800901c   0x0800901c   0x0000000c   Code   RO          689    i.delay_us          porting_lltimer.o
    0x08009028   0x08009028   0x00000004   Code   RO         1285    i.exDMA_SetMemoryAddress  hal_dma.o
    0x0800902c   0x0800902c   0x00000004   Code   RO         1287    i.exDMA_SetTransmitLen  hal_dma.o
    0x08009030   0x08009030   0x00000020   Code   RO         1387    i.exEXTI_LineDisable  hal_exti.o
    0x08009050   0x08009050   0x00000024   Code   RO          608    i.fputc             uart.o
    0x08009074   0x08009074   0x0000001c   Code   RO         6514    i.getBLE_ATTRIBUTE_TYPE_Size  Rafael_BLE_MM32F032xx_s.lib(rffunction.o)
    0x08009090   0x08009090   0x00000020   Code   RO         6515    i.getBLE_ATTRIBUTE_Value_DynmcLngth  Rafael_BLE_MM32F032xx_s.lib(rffunction.o)
    0x080090b0   0x080090b0   0x00000014   Code   RO         6516    i.getBLE_CmdTimerEvent  Rafael_BLE_MM32F032xx_s.lib(rffunction.o)
    0x080090c4   0x080090c4   0x00000084   Code   RO         6517    i.initBLE_AttServParamter  Rafael_BLE_MM32F032xx_s.lib(rffunction.o)
    0x08009148   0x08009148   0x00000040   Code   RO         6195    i.initBLEsmp        Rafael_BLE_MM32F032xx_s.lib(mmi.o)
    0x08009188   0x08009188   0x00000038   Code   RO         6196    i.initBLEsmp_Re     Rafael_BLE_MM32F032xx_s.lib(mmi.o)
    0x080091c0   0x080091c0   0x00000014   Code   RO         6197    i.initBLEsw         Rafael_BLE_MM32F032xx_s.lib(mmi.o)
    0x080091d4   0x080091d4   0x00000014   Code   RO         4527    i.initBleDeviceParam  Rafael_BLE_MM32F032xx_s.lib(host.o)
    0x080091e8   0x080091e8   0x00000034   Code   RO         5893    i.initHCI           Rafael_BLE_MM32F032xx_s.lib(hci.o)
    0x0800921c   0x0800921c   0x00000018   Code   RO         5480    i.initInt           Rafael_BLE_MM32F032xx_s.lib(rf_phy.o)
    0x08009234   0x08009234   0x00000008   Code   RO         6096    i.initL2CAP         Rafael_BLE_MM32F032xx_s.lib(l2cap.o)
    0x0800923c   0x0800923c   0x00000160   Code   RO         4732    i.initLL            Rafael_BLE_MM32F032xx_s.lib(ll.o)
    0x0800939c   0x0800939c   0x0000000c   Code   RO         5894    i.initLLCallBack    Rafael_BLE_MM32F032xx_s.lib(hci.o)
    0x080093a8   0x080093a8   0x00000018   Code   RO         6518    i.init_q_att_HDL_PreWr  Rafael_BLE_MM32F032xx_s.lib(rffunction.o)
    0x080093c0   0x080093c0   0x000000fc   Code   RO           87    i.main              main.o
    0x080094bc   0x080094bc   0x00000070   Code   RO         5481    i.rafael_pll_bank_get  Rafael_BLE_MM32F032xx_s.lib(rf_phy.o)
    0x0800952c   0x0800952c   0x00000130   Code   RO         5482    i.rafael_pll_calibration  Rafael_BLE_MM32F032xx_s.lib(rf_phy.o)
    0x0800965c   0x0800965c   0x0000002c   Code   RO         5483    i.rafael_reset_phy_fsm  Rafael_BLE_MM32F032xx_s.lib(rf_phy.o)
    0x08009688   0x08009688   0x00000024   Code   RO         5484    i.rafael_reset_phy_fsm_Isr  Rafael_BLE_MM32F032xx_s.lib(rf_phy.o)
    0x080096ac   0x080096ac   0x0000003a   Code   RO         3822    i.setBLE_AdvData    Rafael_BLE_MM32F032xx_s.lib(ble_cmd.o)
    0x080096e6   0x080096e6   0x0000003c   Code   RO         3824    i.setBLE_AdvEnable  Rafael_BLE_MM32F032xx_s.lib(ble_cmd.o)
    0x08009722   0x08009722   0x00000002   PAD
    0x08009724   0x08009724   0x000000e8   Code   RO         3825    i.setBLE_AdvParam   Rafael_BLE_MM32F032xx_s.lib(ble_cmd.o)
    0x0800980c   0x0800980c   0x00000070   Code   RO         3826    i.setBLE_BleDeviceAddr  Rafael_BLE_MM32F032xx_s.lib(ble_cmd.o)
    0x0800987c   0x0800987c   0x00000030   Code   RO         6519    i.setBLE_CmdTimer   Rafael_BLE_MM32F032xx_s.lib(rffunction.o)
    0x080098ac   0x080098ac   0x00000012   Code   RO         6520    i.setBLE_ConnTxData  Rafael_BLE_MM32F032xx_s.lib(rffunction.o)
    0x080098be   0x080098be   0x00000034   Code   RO         6521    i.setBLE_ConnTxData_ATT_ERROR_RESPONSE  Rafael_BLE_MM32F032xx_s.lib(rffunction.o)
    0x080098f2   0x080098f2   0x00000044   Code   RO         6522    i.setBLE_ConnTxData_SMP  Rafael_BLE_MM32F032xx_s.lib(rffunction.o)
    0x08009936   0x08009936   0x00000046   Code   RO         6523    i.setBLE_ConnTxData_SMP_Isr  Rafael_BLE_MM32F032xx_s.lib(rffunction.o)
    0x0800997c   0x0800997c   0x0000002c   Code   RO         3835    i.setBLE_Pairing_PassKey  Rafael_BLE_MM32F032xx_s.lib(ble_cmd.o)
    0x080099a8   0x080099a8   0x00000018   Code   RO         4151    i.setBLE_RegisterBleEvent  Rafael_BLE_MM32F032xx_s.lib(ble_event.o)
    0x080099c0   0x080099c0   0x0000003a   Code   RO         3840    i.setBLE_ScanRspData  Rafael_BLE_MM32F032xx_s.lib(ble_cmd.o)
    0x080099fa   0x080099fa   0x00000002   PAD
    0x080099fc   0x080099fc   0x00000020   Code   RO         5485    i.setChannel_BLE    Rafael_BLE_MM32F032xx_s.lib(rf_phy.o)
    0x08009a1c   0x08009a1c   0x0000000c   Code   RO         5491    i.smpAES_En         Rafael_BLE_MM32F032xx_s.lib(rf_phy.o)
    0x08009a28   0x08009a28   0x00000032   Code   RO         5492    i.smpAES_inInv      Rafael_BLE_MM32F032xx_s.lib(rf_phy.o)
    0x08009a5a   0x08009a5a   0x00000002   PAD
    0x08009a5c   0x08009a5c   0x00000018   Code   RO         5493    i.smpAES_in_PlainText  Rafael_BLE_MM32F032xx_s.lib(rf_phy.o)
    0x08009a74   0x08009a74   0x0000000e   Code   RO         5494    i.smpAES_in_key     Rafael_BLE_MM32F032xx_s.lib(rf_phy.o)
    0x08009a82   0x08009a82   0x00000022   Code   RO         5495    i.smpAES_out        Rafael_BLE_MM32F032xx_s.lib(rf_phy.o)
    0x08009aa4   0x08009aa4   0x00000030   Code   RO         5496    i.smpAES_outInv     Rafael_BLE_MM32F032xx_s.lib(rf_phy.o)
    0x08009ad4   0x08009ad4   0x000000c4   Code   RO         6524    i.smpC1             Rafael_BLE_MM32F032xx_s.lib(rffunction.o)
    0x08009b98   0x08009b98   0x00000018   Code   RO         6525    i.smpPasskey_init   Rafael_BLE_MM32F032xx_s.lib(rffunction.o)
    0x08009bb0   0x08009bb0   0x00000030   Code   RO         6526    i.smpPasskey_set    Rafael_BLE_MM32F032xx_s.lib(rffunction.o)
    0x08009be0   0x08009be0   0x0000002c   Code   RO         6527    i.smpS1             Rafael_BLE_MM32F032xx_s.lib(rffunction.o)
    0x08009c0c   0x08009c0c   0x000000fc   Code   RO          729    i.spiGpioWriteReg   porting_misc.o
    0x08009d08   0x08009d08   0x00000008   Code   RO          304    i.trspx_receive_data_callback  user.o
    0x08009d10   0x08009d10   0x00000024   Code   RO          305    i.trspx_send        user.o
    0x08009d34   0x08009d34   0x00000031   Data   RO          307    .constdata          user.o
    0x08009d65   0x08009d65   0x00000003   PAD
    0x08009d68   0x08009d68   0x00000008   Data   RO          469    .constdata          spi.o
    0x08009d70   0x08009d70   0x00000001   Data   RO          731    .constdata          porting_misc.o
    0x08009d71   0x08009d71   0x00000003   PAD
    0x08009d74   0x08009d74   0x00000016   Data   RO          818    .constdata          porting_spi.o
    0x08009d8a   0x08009d8a   0x00000007   Data   RO         3647    .constdata          profile_tab.o
    0x08009d91   0x08009d91   0x00000007   Data   RO         3648    .constdata          profile_tab.o
    0x08009d98   0x08009d98   0x0000000a   Data   RO         3649    .constdata          profile_tab.o
    0x08009da2   0x08009da2   0x0000000d   Data   RO         3650    .constdata          profile_tab.o
    0x08009daf   0x08009daf   0x0000000a   Data   RO         3651    .constdata          profile_tab.o
    0x08009db9   0x08009db9   0x00000007   Data   RO         3652    .constdata          profile_tab.o
    0x08009dc0   0x08009dc0   0x0000000a   Data   RO         3653    .constdata          profile_tab.o
    0x08009dca   0x08009dca   0x0000000b   Data   RO         3654    .constdata          profile_tab.o
    0x08009dd5   0x08009dd5   0x0000000a   Data   RO         3655    .constdata          profile_tab.o
    0x08009ddf   0x08009ddf   0x00000006   Data   RO         3656    .constdata          profile_tab.o
    0x08009de5   0x08009de5   0x0000000a   Data   RO         3657    .constdata          profile_tab.o
    0x08009def   0x08009def   0x0000000d   Data   RO         3658    .constdata          profile_tab.o
    0x08009dfc   0x08009dfc   0x00000007   Data   RO         3659    .constdata          profile_tab.o
    0x08009e03   0x08009e03   0x0000000a   Data   RO         3660    .constdata          profile_tab.o
    0x08009e0d   0x08009e0d   0x00000009   Data   RO         3661    .constdata          profile_tab.o
    0x08009e16   0x08009e16   0x00000007   Data   RO         3662    .constdata          profile_tab.o
    0x08009e1d   0x08009e1d   0x00000007   Data   RO         3663    .constdata          profile_tab.o
    0x08009e24   0x08009e24   0x0000000a   Data   RO         3664    .constdata          profile_tab.o
    0x08009e2e   0x08009e2e   0x00000009   Data   RO         3665    .constdata          profile_tab.o
    0x08009e37   0x08009e37   0x0000000c   Data   RO         3666    .constdata          profile_tab.o
    0x08009e43   0x08009e43   0x0000000a   Data   RO         3667    .constdata          profile_tab.o
    0x08009e4d   0x08009e4d   0x0000000b   Data   RO         3668    .constdata          profile_tab.o
    0x08009e58   0x08009e58   0x0000000c   Data   RO         3669    .constdata          profile_tab.o
    0x08009e64   0x08009e64   0x0000000a   Data   RO         3670    .constdata          profile_tab.o
    0x08009e6e   0x08009e6e   0x0000000d   Data   RO         3671    .constdata          profile_tab.o
    0x08009e7b   0x08009e7b   0x0000000a   Data   RO         3672    .constdata          profile_tab.o
    0x08009e85   0x08009e85   0x00000009   Data   RO         3673    .constdata          profile_tab.o
    0x08009e8e   0x08009e8e   0x0000000c   Data   RO         3674    .constdata          profile_tab.o
    0x08009e9a   0x08009e9a   0x0000000a   Data   RO         3675    .constdata          profile_tab.o
    0x08009ea4   0x08009ea4   0x0000000b   Data   RO         3676    .constdata          profile_tab.o
    0x08009eaf   0x08009eaf   0x0000000c   Data   RO         3677    .constdata          profile_tab.o
    0x08009ebb   0x08009ebb   0x0000000a   Data   RO         3678    .constdata          profile_tab.o
    0x08009ec5   0x08009ec5   0x00000008   Data   RO         3679    .constdata          profile_tab.o
    0x08009ecd   0x08009ecd   0x0000000c   Data   RO         3680    .constdata          profile_tab.o
    0x08009ed9   0x08009ed9   0x0000000a   Data   RO         3681    .constdata          profile_tab.o
    0x08009ee3   0x08009ee3   0x00000009   Data   RO         3682    .constdata          profile_tab.o
    0x08009eec   0x08009eec   0x0000000c   Data   RO         3683    .constdata          profile_tab.o
    0x08009ef8   0x08009ef8   0x0000000a   Data   RO         3684    .constdata          profile_tab.o
    0x08009f02   0x08009f02   0x0000000c   Data   RO         3685    .constdata          profile_tab.o
    0x08009f0e   0x08009f0e   0x00000015   Data   RO         3686    .constdata          profile_tab.o
    0x08009f23   0x08009f23   0x00000018   Data   RO         3687    .constdata          profile_tab.o
    0x08009f3b   0x08009f3b   0x00000027   Data   RO         3688    .constdata          profile_tab.o
    0x08009f62   0x08009f62   0x0000000a   Data   RO         3689    .constdata          profile_tab.o
    0x08009f6c   0x08009f6c   0x000000f9   Data   RO         3690    .constdata          profile_tab.o
    0x0800a065   0x0800a065   0x00000007   Data   RO         3691    .constdata          profile_tab.o
    0x0800a06c   0x0800a06c   0x00000018   Data   RO         3692    .constdata          profile_tab.o
    0x0800a084   0x0800a084   0x00000107   Data   RO         3693    .constdata          profile_tab.o
    0x0800a18b   0x0800a18b   0x00000015   Data   RO         3694    .constdata          profile_tab.o
    0x0800a1a0   0x0800a1a0   0x00000018   Data   RO         3695    .constdata          profile_tab.o
    0x0800a1b8   0x0800a1b8   0x00000014   Data   RO         3696    .constdata          profile_tab.o
    0x0800a1cc   0x0800a1cc   0x0000000a   Data   RO         3697    .constdata          profile_tab.o
    0x0800a1d6   0x0800a1d6   0x000000f9   Data   RO         3698    .constdata          profile_tab.o
    0x0800a2cf   0x0800a2cf   0x00000007   Data   RO         3699    .constdata          profile_tab.o
    0x0800a2d6   0x0800a2d6   0x00000018   Data   RO         3700    .constdata          profile_tab.o
    0x0800a2ee   0x0800a2ee   0x00000014   Data   RO         3701    .constdata          profile_tab.o
    0x0800a302   0x0800a302   0x00000002   Data   RO         3702    .constdata          profile_tab.o
    0x0800a304   0x0800a304   0x00000002   Data   RO         3703    .constdata          profile_tab.o
    0x0800a306   0x0800a306   0x00000002   Data   RO         3706    .constdata          profile_tab.o
    0x0800a308   0x0800a308   0x00000002   Data   RO         3709    .constdata          profile_tab.o
    0x0800a30a   0x0800a30a   0x00000002   Data   RO         3710    .constdata          profile_tab.o
    0x0800a30c   0x0800a30c   0x00000002   Data   RO         3711    .constdata          profile_tab.o
    0x0800a30e   0x0800a30e   0x00000002   Data   RO         3712    .constdata          profile_tab.o
    0x0800a310   0x0800a310   0x00000002   Data   RO         3713    .constdata          profile_tab.o
    0x0800a312   0x0800a312   0x00000002   Data   RO         3714    .constdata          profile_tab.o
    0x0800a314   0x0800a314   0x00000002   Data   RO         3715    .constdata          profile_tab.o
    0x0800a316   0x0800a316   0x00000002   Data   RO         3716    .constdata          profile_tab.o
    0x0800a318   0x0800a318   0x00000002   Data   RO         3717    .constdata          profile_tab.o
    0x0800a31a   0x0800a31a   0x00000002   Data   RO         3718    .constdata          profile_tab.o
    0x0800a31c   0x0800a31c   0x00000002   Data   RO         3719    .constdata          profile_tab.o
    0x0800a31e   0x0800a31e   0x00000002   Data   RO         3720    .constdata          profile_tab.o
    0x0800a320   0x0800a320   0x00000002   Data   RO         3721    .constdata          profile_tab.o
    0x0800a322   0x0800a322   0x00000002   Data   RO         3722    .constdata          profile_tab.o
    0x0800a324   0x0800a324   0x00000002   Data   RO         3723    .constdata          profile_tab.o
    0x0800a326   0x0800a326   0x00000002   Data   RO         3724    .constdata          profile_tab.o
    0x0800a328   0x0800a328   0x00000002   Data   RO         3725    .constdata          profile_tab.o
    0x0800a32a   0x0800a32a   0x00000002   Data   RO         3726    .constdata          profile_tab.o
    0x0800a32c   0x0800a32c   0x00000002   Data   RO         3727    .constdata          profile_tab.o
    0x0800a32e   0x0800a32e   0x00000002   Data   RO         3728    .constdata          profile_tab.o
    0x0800a330   0x0800a330   0x00000002   Data   RO         3729    .constdata          profile_tab.o
    0x0800a332   0x0800a332   0x00000002   Data   RO         3730    .constdata          profile_tab.o
    0x0800a334   0x0800a334   0x00000002   Data   RO         3731    .constdata          profile_tab.o
    0x0800a336   0x0800a336   0x00000002   Data   RO         3732    .constdata          profile_tab.o
    0x0800a338   0x0800a338   0x000000dc   Data   RO         3733    .constdata          profile_tab.o
    0x0800a414   0x0800a414   0x000000dc   Data   RO         3734    .constdata          profile_tab.o
    0x0800a4f0   0x0800a4f0   0x0000000c   Data   RO         4529    .constdata          Rafael_BLE_MM32F032xx_s.lib(host.o)
    0x0800a4fc   0x0800a4fc   0x00000358   Data   RO         4738    .constdata          Rafael_BLE_MM32F032xx_s.lib(ll.o)
    0x0800a854   0x0800a854   0x0000011a   Data   RO         5499    .constdata          Rafael_BLE_MM32F032xx_s.lib(rf_phy.o)
    0x0800a96e   0x0800a96e   0x00000002   PAD
    0x0800a970   0x0800a970   0x0000006c   Data   RO         5896    .constdata          Rafael_BLE_MM32F032xx_s.lib(hci.o)
    0x0800a9dc   0x0800a9dc   0x00000040   Data   RO         5897    .constdata          Rafael_BLE_MM32F032xx_s.lib(hci.o)
    0x0800aa1c   0x0800aa1c   0x00000008   Data   RO         5898    .constdata          Rafael_BLE_MM32F032xx_s.lib(hci.o)
    0x0800aa24   0x0800aa24   0x00000004   Data   RO         6098    .constdata          Rafael_BLE_MM32F032xx_s.lib(l2cap.o)
    0x0800aa28   0x0800aa28   0x000000ac   Data   RO         6198    .constdata          Rafael_BLE_MM32F032xx_s.lib(mmi.o)
    0x0800aad4   0x0800aad4   0x0000001c   Data   RO         6199    .constdata          Rafael_BLE_MM32F032xx_s.lib(mmi.o)
    0x0800aaf0   0x0800aaf0   0x00000010   Data   RO         6538    .constdata          Rafael_BLE_MM32F032xx_s.lib(rffunction.o)
    0x0800ab00   0x0800ab00   0x0000004b   Data   RO          308    .conststring        user.o
    0x0800ab4b   0x0800ab4b   0x00000001   PAD
    0x0800ab4c   0x0800ab4c   0x00000020   Data   RO         7001    Region$$Table       anon$$obj.o


    Execution Region RW_IRAM1 (Exec base: 0x20000000, Load base: 0x0800ab6c, Size: 0x00001c68, Max: 0x00004000, ABSOLUTE, COMPRESSED[0x00000254])

    Exec Addr    Load Addr    Size         Type   Attr      Idx    E Section Name        Object

    0x20000000   COMPRESSED   0x00000001   Data   RW           89    .data               main.o
    0x20000001   COMPRESSED   0x00000004   Data   RW          309    .data               user.o
    0x20000005   COMPRESSED   0x00000002   Data   RW          470    .data               spi.o
    0x20000007   COMPRESSED   0x00000001   PAD
    0x20000008   COMPRESSED   0x00000004   Data   RW          559    .data               systick.o
    0x2000000c   COMPRESSED   0x00000004   Data   RW          612    .data               uart.o
    0x20000010   COMPRESSED   0x00000010   Data   RW         2217    .data               hal_rcc.o
    0x20000020   COMPRESSED   0x00000008   Data   RW         3735    .data               profile_tab.o
    0x20000028   COMPRESSED   0x00000006   Data   RW         3736    .data               profile_tab.o
    0x2000002e   COMPRESSED   0x00000004   Data   RW         3737    .data               profile_tab.o
    0x20000032   COMPRESSED   0x00000002   Data   RW         3738    .data               profile_tab.o
    0x20000034   COMPRESSED   0x00000002   Data   RW         3739    .data               profile_tab.o
    0x20000036   COMPRESSED   0x00000002   Data   RW         3740    .data               profile_tab.o
    0x20000038   COMPRESSED   0x00000001   Data   RW         3741    .data               profile_tab.o
    0x20000039   COMPRESSED   0x00000003   PAD
    0x2000003c   COMPRESSED   0x000000dc   Data   RW         3742    .data               profile_tab.o
    0x20000118   COMPRESSED   0x000000dc   Data   RW         3743    .data               profile_tab.o
    0x200001f4   COMPRESSED   0x000000dc   Data   RW         3744    .data               profile_tab.o
    0x200002d0   COMPRESSED   0x00000004   Data   RW         3745    .data               profile_tab.o
    0x200002d4   COMPRESSED   0x00000001   Data   RW         3746    .data               profile_tab.o
    0x200002d5   COMPRESSED   0x00000003   PAD
    0x200002d8   COMPRESSED   0x00000004   Data   RW         4152    .data               Rafael_BLE_MM32F032xx_s.lib(ble_event.o)
    0x200002dc   COMPRESSED   0x00000008   Data   RW         4231    .data               Rafael_BLE_MM32F032xx_s.lib(kernel.o)
    0x200002e4   COMPRESSED   0x00000007   Data   RW         4530    .data               Rafael_BLE_MM32F032xx_s.lib(host.o)
    0x200002eb   COMPRESSED   0x00000008   Data   RW         4531    .data               Rafael_BLE_MM32F032xx_s.lib(host.o)
    0x200002f3   COMPRESSED   0x00000005   PAD
    0x200002f8   COMPRESSED   0x000000a8   Data   RW         4744    .data               Rafael_BLE_MM32F032xx_s.lib(ll.o)
    0x200003a0   COMPRESSED   0x00000028   Data   RW         5504    .data               Rafael_BLE_MM32F032xx_s.lib(rf_phy.o)
    0x200003c8   COMPRESSED   0x00000005   Data   RW         5505    .data               Rafael_BLE_MM32F032xx_s.lib(rf_phy.o)
    0x200003cd   COMPRESSED   0x00000003   PAD
    0x200003d0   COMPRESSED   0x0000000d   Data   RW         5899    .data               Rafael_BLE_MM32F032xx_s.lib(hci.o)
    0x200003dd   COMPRESSED   0x00000002   Data   RW         6200    .data               Rafael_BLE_MM32F032xx_s.lib(mmi.o)
    0x200003df   COMPRESSED   0x00000010   Data   RW         6539    .data               Rafael_BLE_MM32F032xx_s.lib(rffunction.o)
    0x200003ef   COMPRESSED   0x0000000b   Data   RW         6540    .data               Rafael_BLE_MM32F032xx_s.lib(rffunction.o)
    0x200003fa   COMPRESSED   0x00000010   Data   RW         6543    .data               Rafael_BLE_MM32F032xx_s.lib(rffunction.o)
    0x2000040a   COMPRESSED   0x00000002   Data   RW         6544    .data               Rafael_BLE_MM32F032xx_s.lib(rffunction.o)
    0x2000040c   COMPRESSED   0x00000008   Data   RW         6545    .data               Rafael_BLE_MM32F032xx_s.lib(rffunction.o)
    0x20000414   COMPRESSED   0x00000010   Data   RW         6546    .data               Rafael_BLE_MM32F032xx_s.lib(rffunction.o)
    0x20000424   COMPRESSED   0x00000010   Data   RW         6547    .data               Rafael_BLE_MM32F032xx_s.lib(rffunction.o)
    0x20000434   COMPRESSED   0x00000019   Data   RW         6548    .data               Rafael_BLE_MM32F032xx_s.lib(rffunction.o)
    0x2000044d   COMPRESSED   0x00000001   Data   RW         6549    .data               Rafael_BLE_MM32F032xx_s.lib(rffunction.o)
    0x2000044e   COMPRESSED   0x0000000f   Data   RW         6551    .data               Rafael_BLE_MM32F032xx_s.lib(rffunction.o)
    0x2000045d   COMPRESSED   0x00000001   Data   RW         6552    .data               Rafael_BLE_MM32F032xx_s.lib(rffunction.o)
    0x2000045e   COMPRESSED   0x00000001   Data   RW         6553    .data               Rafael_BLE_MM32F032xx_s.lib(rffunction.o)
    0x2000045f   COMPRESSED   0x00000008   Data   RW         6554    .data               Rafael_BLE_MM32F032xx_s.lib(rffunction.o)
    0x20000467   COMPRESSED   0x00000002   Data   RW         6555    .data               Rafael_BLE_MM32F032xx_s.lib(rffunction.o)
    0x20000469   COMPRESSED   0x00000008   Data   RW         6558    .data               Rafael_BLE_MM32F032xx_s.lib(rffunction.o)
    0x20000471   COMPRESSED   0x00000003   PAD
    0x20000474   COMPRESSED   0x00000004   Data   RW         6975    .data               mc_p.l(stdout.o)
    0x20000478        -       0x000000f7   Zero   RW          306    .bss                user.o
    0x2000056f        -       0x00000064   Zero   RW          609    .bss                uart.o
    0x200005d3   COMPRESSED   0x00000001   PAD
    0x200005d4        -       0x00000924   Zero   RW          730    .bss                porting_misc.o
    0x20000ef8        -       0x000000f4   Zero   RW         3644    .bss                profile_tab.o
    0x20000fec        -       0x000000f4   Zero   RW         3645    .bss                profile_tab.o
    0x200010e0        -       0x000000f4   Zero   RW         3646    .bss                profile_tab.o
    0x200011d4        -       0x00000028   Zero   RW         4230    .bss                Rafael_BLE_MM32F032xx_s.lib(kernel.o)
    0x200011fc        -       0x000002f0   Zero   RW         4736    .bss                Rafael_BLE_MM32F032xx_s.lib(ll.o)
    0x200014ec        -       0x00000030   Zero   RW         4737    .bss                Rafael_BLE_MM32F032xx_s.lib(ll.o)
    0x2000151c        -       0x00000035   Zero   RW         5498    .bss                Rafael_BLE_MM32F032xx_s.lib(rf_phy.o)
    0x20001551        -       0x000000fd   Zero   RW         6097    .bss                Rafael_BLE_MM32F032xx_s.lib(l2cap.o)
    0x2000164e   COMPRESSED   0x00000002   PAD
    0x20001650        -       0x00000190   Zero   RW         6529    .bss                Rafael_BLE_MM32F032xx_s.lib(rffunction.o)
    0x200017e0        -       0x00000010   Zero   RW         6530    .bss                Rafael_BLE_MM32F032xx_s.lib(rffunction.o)
    0x200017f0        -       0x00000010   Zero   RW         6531    .bss                Rafael_BLE_MM32F032xx_s.lib(rffunction.o)
    0x20001800        -       0x00000010   Zero   RW         6532    .bss                Rafael_BLE_MM32F032xx_s.lib(rffunction.o)
    0x20001810        -       0x00000010   Zero   RW         6533    .bss                Rafael_BLE_MM32F032xx_s.lib(rffunction.o)
    0x20001820        -       0x00000010   Zero   RW         6534    .bss                Rafael_BLE_MM32F032xx_s.lib(rffunction.o)
    0x20001830        -       0x0000000a   Zero   RW         6535    .bss                Rafael_BLE_MM32F032xx_s.lib(rffunction.o)
    0x2000183a        -       0x0000002a   Zero   RW         6537    .bss                Rafael_BLE_MM32F032xx_s.lib(rffunction.o)
    0x20001864   COMPRESSED   0x00000004   PAD
    0x20001868        -       0x00000400   Zero   RW           71    STACK               startup_mm32f032xx_s_keil.o


==============================================================================

Image component sizes


      Code (inc. data)   RO Data    RW Data    ZI Data      Debug   Object Name

       242         26          0          0          0       9633   hal_dma.o
       208         28          0          0          0       6391   hal_exti.o
       200          0          0          0          0       7077   hal_gpio.o
        80          8          0          0          0       2464   hal_misc.o
       252         60          0         16          0       8338   hal_rcc.o
       284          0          0          0          0       8058   hal_spi.o
       224          4          0          0          0       8204   hal_uart.o
       436         80          0          1          0     145961   main.o
        18          0          0          0          0       1123   porting_lltimer.o
       808         34          1          0       2340       7386   porting_misc.o
       848         50         22          0          0       6932   porting_spi.o
        40          4       1894        690        732      17758   profile_tab.o
      1402         88          8          2          0       7606   spi.o
        88         38        192          0       1024        836   startup_mm32f032xx_s_keil.o
       300         28          0          0          0     133605   system_mm32f032xx_s.o
       180         24          0          4          0       8916   systick.o
       698         52          0          4        100       6471   uart.o
       614        272        124          4        247      25667   user.o

    ----------------------------------------------------------------------
      6936        796       2280        728       4444     412426   Object Totals
         0          0         32          0          0          0   (incl. Generated)
        14          0          7          7          1          0   (incl. Padding)

    ----------------------------------------------------------------------

      Code (inc. data)   RO Data    RW Data    ZI Data      Debug   Library Member Name

       564         20          0          0          0      35861   ble_cmd.o
       576         42          0          4          0       4649   ble_event.o
      1362        248        180         13          0      52819   hci.o
       242         28         12         15          0      16915   host.o
      1270        112          0          8         40      48959   kernel.o
        78         12          4          0        253       4206   l2cap.o
     18260       1206        856        168        800     146154   ll.o
      5538        552        200          2          0      45433   mmi.o
      2346        242        282         45         53      54878   rf_phy.o
      1224        114         16        146        532      28889   rffunction.o
        86          0          0          0          0          0   __dczerorl2.o
         0          0          0          0          0          0   entry.o
         0          0          0          0          0          0   entry10a.o
         0          0          0          0          0          0   entry11a.o
         8          4          0          0          0          0   entry2.o
         4          0          0          0          0          0   entry5.o
         0          0          0          0          0          0   entry7b.o
         0          0          0          0          0          0   entry8b.o
         8          4          0          0          0          0   entry9a.o
        30          0          0          0          0          0   handlers.o
        40          0          0          0          0         72   idiv.o
        36          8          0          0          0         68   init.o
        32          0          0          0          0         68   llshl.o
        34          0          0          0          0         68   llushr.o
        36          0          0          0          0        100   memseta.o
      1172         52          0          0          0        324   printf8.o
         0          0          0          4          0          0   stdout.o
        44          0          0          0          0         72   uidiv.o
        96          0          0          0          0         84   uldiv.o

    ----------------------------------------------------------------------
     33116       2644       1552        416       1684     439619   Library Totals
        30          0          2         11          6          0   (incl. Padding)

    ----------------------------------------------------------------------

      Code (inc. data)   RO Data    RW Data    ZI Data      Debug   Library Name

     31460       2576       1550        401       1678     438763   Rafael_BLE_MM32F032xx_s.lib
      1626         68          0          4          0        856   mc_p.l

    ----------------------------------------------------------------------
     33116       2644       1552        416       1684     439619   Library Totals

    ----------------------------------------------------------------------

==============================================================================


      Code (inc. data)   RO Data    RW Data    ZI Data      Debug   

     40052       3440       3832       1144       6128     832901   Grand Totals
     40052       3440       3832        596       6128     832901   ELF Image Totals (compressed)
     40052       3440       3832        596          0          0   ROM Totals

==============================================================================

    Total RO  Size (Code + RO Data)                43884 (  42.86kB)
    Total RW  Size (RW Data + ZI Data)              7272 (   7.10kB)
    Total ROM Size (Code + RO Data + RW Data)      44480 (  43.44kB)

==============================================================================

